 DttSP

 Timestamp is 5835e572 (Wed Nov 23 12:52:34 2016)

 Preferred load address is 10000000

 Start         Length     Name                   Class
 0001:00000000 000586b9H .text$mn                CODE
 0002:00000000 000001c0H .idata$5                DATA
 0002:000001c0 00000004H .00cfg                  DATA
 0002:000001c4 00000004H .CRT$XCA                DATA
 0002:000001c8 00000004H .CRT$XCZ                DATA
 0002:000001cc 00000004H .CRT$XIA                DATA
 0002:000001d0 00000010H .CRT$XIC                DATA
 0002:000001e0 00000004H .CRT$XIZ                DATA
 0002:000001e4 00000004H .CRT$XPA                DATA
 0002:000001e8 00000008H .CRT$XPX                DATA
 0002:000001f0 00000004H .CRT$XPXA               DATA
 0002:000001f4 00000004H .CRT$XPZ                DATA
 0002:000001f8 00000004H .CRT$XTA                DATA
 0002:000001fc 00000004H .CRT$XTZ                DATA
 0002:00000200 0000f584H .rdata                  DATA
 0002:0000f784 0000020cH .rdata$r                DATA
 0002:0000f990 0000000cH .rdata$sxdata           DATA
 0002:0000f99c 00000340H .rdata$zzzdbg           DATA
 0002:0000fcdc 00000004H .rtc$IAA                DATA
 0002:0000fce0 00000004H .rtc$IZZ                DATA
 0002:0000fce4 00000004H .rtc$TAA                DATA
 0002:0000fce8 00000008H .rtc$TZZ                DATA
 0002:0000fcf0 00000a60H .xdata$x                DATA
 0002:00010750 00000fb4H .edata                  DATA
 0002:00011704 00000050H .idata$2                DATA
 0002:00011754 00000014H .idata$3                DATA
 0002:00011768 000001c0H .idata$4                DATA
 0002:00011928 0000083aH .idata$6                DATA
 0003:00000000 000010d0H .data                   DATA
 0003:000010d0 000000d0H .data$r                 DATA
 0003:000011a0 0003ecccH .bss                    DATA
 0004:00000000 000000f0H .gfids$x                DATA
 0004:000000f0 00000078H .gfids$y                DATA
 0005:00000000 000000a0H .rsrc$01                DATA
 0005:000000a0 00000498H .rsrc$02                DATA

  Address         Publics by Value              Rva+Base       Lib:Object

 0000:00000000       ___guard_fids_table        00000000     <absolute>
 0000:00000000       ___dynamic_value_reloc_table 00000000     <absolute>
 0000:00000000       ___guard_iat_count         00000000     <absolute>
 0000:00000000       ___guard_iat_table         00000000     <absolute>
 0000:00000000       ___guard_longjmp_count     00000000     <absolute>
 0000:00000000       ___guard_longjmp_table     00000000     <absolute>
 0000:00000000       ___guard_fids_count        00000000     <absolute>
 0000:00000000       __except_list              00000000     <absolute>
 0000:00000003       ___safe_se_handler_count   00000003     <absolute>
 0000:00000100       ___guard_flags             00000100     <absolute>
 0000:00000000       ___ImageBase               10000000     <linker-defined>
 0001:00000000       _AMDemod                   10001000 f   am_demod.obj
 0001:00000160       _newAMD                    10001160 f   am_demod.obj
 0001:000001f0       _delAMD                    100011f0 f   am_demod.obj
 0001:000003d0       _nilfunc                   100013d0 f   banal.obj
 0001:000003e0       _popcnt                    100013e0 f   banal.obj
 0001:00000450       _npoof2                    10001450 f   banal.obj
 0001:00000470       _nblock2                   10001470 f   banal.obj
 0001:00000490       _in_blocks                 10001490 f   banal.obj
 0001:000004d0       _efopen                    100014d0 f   banal.obj
 0001:00000510       _efreopen                  10001510 f   banal.obj
 0001:00000550       _filesize                  10001550 f   banal.obj
 0001:00000590       _fdsize                    10001590 f   banal.obj
 0001:000005d0       _now_tv                    100015d0 f   banal.obj
 0001:00000620       _diff_tv                   10001620 f   banal.obj
 0001:00000660       _sum_tv                    10001660 f   banal.obj
 0001:00000690       _fmt_tv                    10001690 f   banal.obj
 0001:000006c0       _since                     100016c0 f   banal.obj
 0001:00000750       _hinterp_vec               10001750 f   banal.obj
 0001:00000820       _status_message            10001820 f   banal.obj
 0001:00000850       _find_rcfile               10001850 f   banal.obj
 0001:00000900       _hash                      10001900 f   banal.obj
 0001:00000930       _gcd                       10001930 f   banal.obj
 0001:00000950       _least_common_mul          10001950 f   banal.obj
 0001:000009c0       ___local_stdio_printf_options 100019c0 f i banal.obj
 0001:000009d0       __snprintf                 100019d0 f i banal.obj
 0001:00000a10       _fprintf                   10001a10 f i banal.obj
 0001:00000a40       _sprintf                   10001a40 f i banal.obj
 0001:00000a80       _sqr                       10001a80 f i banal.obj
 0001:00000a90       _safealloc                 10001a90 f   bufvec.obj
 0001:00000af0       _safefree                  10001af0 f   bufvec.obj
 0001:00000b10       _safememcurrcount          10001b10 f   bufvec.obj
 0001:00000b20       _safememreset              10001b20 f   bufvec.obj
 0001:00000b30       _newvec_REAL               10001b30 f   bufvec.obj
 0001:00000b50       _newvec_REAL_16            10001b50 f   bufvec.obj
 0001:00000b70       _delvec_REAL               10001b70 f   bufvec.obj
 0001:00000b90       _newvec_IMAG               10001b90 f   bufvec.obj
 0001:00000bb0       _delvec_IMAG               10001bb0 f   bufvec.obj
 0001:00000bd0       _newvec_COMPLEX            10001bd0 f   bufvec.obj
 0001:00000bf0       _delvec_COMPLEX            10001bf0 f   bufvec.obj
 0001:00000c10       _newvec_COMPLEX_16         10001c10 f   bufvec.obj
 0001:00000c70       _delvec_COMPLEX_16         10001c70 f   bufvec.obj
 0001:00000c80       _dump_REAL                 10001c80 f   bufvec.obj
 0001:00000cf0       _dump_IMAG                 10001cf0 f   bufvec.obj
 0001:00000d60       _dump_CX                   10001d60 f   bufvec.obj
 0001:00000dd0       _newCXB                    10001dd0 f   bufvec.obj
 0001:00000ec0       _delCXB                    10001ec0 f   bufvec.obj
 0001:00000ef0       _newRLB                    10001ef0 f   bufvec.obj
 0001:00000fe0       _delRLB                    10001fe0 f   bufvec.obj
 0001:00001010       _normalize_vec_REAL        10002010 f   bufvec.obj
 0001:000010f0       _normalize_vec_COMPLEX     100020f0 f   bufvec.obj
 0001:000012c0       _safealloc16               100022c0 f   bufvec.obj
 0001:00001330       _newCorrectIQ              10002330 f   correctIQ.obj
 0001:000013d0       _delCorrectIQ              100023d0 f   correctIQ.obj
 0001:00001400       _correctIQ                 10002400 f   correctIQ.obj
 0001:00001680       _newCWToneGen              10002680 f   cwtones.obj
 0001:00001720       _delCWToneGen              10002720 f   cwtones.obj
 0001:00001750       _setCWToneGenVals          10002750 f   cwtones.obj
 0001:00001780       _CWToneOn                  10002780 f   cwtones.obj
 0001:00001870       _CWToneOff                 10002870 f   cwtones.obj
 0001:00001880       _CWTone                    10002880 f   cwtones.obj
 0001:000019c0       _CWComplexOSC              100029c0 f   cwtones.obj
 0001:00001a80       _DCBlock                   10002a80 f   dcblock.obj
 0001:00001d10       _resetDCBlocker            10002d10 f   dcblock.obj
 0001:00001d40       _newDCBlocker              10002d40 f   dcblock.obj
 0001:00001d90       _delDCBlocker              10002d90 f   dcblock.obj
 0001:00002020       _DttSPAgc                  10003020 f   dttspagc.obj
 0001:00002380       _newDttSPAgc               10003380 f   dttspagc.obj
 0001:00002540       _delDttSPAgc               10003540 f   dttspagc.obj
 0001:00002570       _DttSPAgc_flushbuf         10003570 f   dttspagc.obj
 0001:000025a0       _new_IIR_LPF_2P            100035a0 f   filt2p2z.obj
 0001:00002600       _del_IIR_LPF_2P            10003600 f   filt2p2z.obj
 0001:00002620       _do_IIR_LPF_2P             10003620 f   filt2p2z.obj
 0001:000026b0       _new_IIR_BPF_2P            100036b0 f   filt2p2z.obj
 0001:00002710       _del_IIR_BPF_2P            10003710 f   filt2p2z.obj
 0001:00002730       _do_IIR_BPF_2P             10003730 f   filt2p2z.obj
 0001:000027e0       _new_IIR_HPF_2P            100037e0 f   filt2p2z.obj
 0001:00002850       _del_IIR_HPF_2P            10003850 f   filt2p2z.obj
 0001:00002870       _do_IIR_HPF_2P             10003870 f   filt2p2z.obj
 0001:00002930       _new_IIR_2P2Z              10003930 f   filt2p2z.obj
 0001:00002bf0       _del_IIR_2P2Z              10003bf0 f   filt2p2z.obj
 0001:00002c10       _do_IIR_2P2Z               10003c10 f   filt2p2z.obj
 0001:00002cf0       _new_IIR_1P1Z              10003cf0 f   filt2p2z.obj
 0001:00002d90       _del_IIR_1P1Z              10003d90 f   filt2p2z.obj
 0001:00002db0       _do_IIR_1P1Z               10003db0 f   filt2p2z.obj
 0001:00002e00       _newFIR_REAL               10003e00 f   filter.obj
 0001:00002e50       _newFIR_COMPLEX            10003e50 f   filter.obj
 0001:00002ea0       _delFIR_REAL               10003ea0 f   filter.obj
 0001:00002ec0       _delFIR_COMPLEX            10003ec0 f   filter.obj
 0001:00002ee0       _newFIR_Lowpass_REAL       10003ee0 f   filter.obj
 0001:00003020       _newFIR_Lowpass_COMPLEX    10004020 f   filter.obj
 0001:00003150       _newFIR_Bandpass_REAL      10004150 f   filter.obj
 0001:000032f0       _newFIR_Bandpass_COMPLEX   100042f0 f   filter.obj
 0001:000034b0       _newFIR_Highpass_REAL      100044b0 f   filter.obj
 0001:00003650       _newFIR_Highpass_COMPLEX   10004650 f   filter.obj
 0001:000037d0       _newFIR_Hilbert_REAL       100047d0 f   filter.obj
 0001:00003970       _newFIR_Hilbert_COMPLEX    10004970 f   filter.obj
 0001:00003b20       _newFIR_Bandstop_REAL      10004b20 f   filter.obj
 0001:00003d20       _newFIR_Bandstop_COMPLEX   10004d20 f   filter.obj
 0001:00003fa0       _newFIRPFBChannelizer      10004fa0 f   filterbank.obj
 0001:00004140       _newFIRHBPFBChannelizer    10005140 f   filterbank.obj
 0001:00004290       _delFIRDownsampler         10005290 f   filterbank.obj
 0001:000042e0       _doFIRPFBChannelizer       100052e0 f   filterbank.obj
 0001:00004400       _newFIRPDownsampler        10005400 f   filterbank.obj
 0001:00004610       _newFIRPUpsampler          10005610 f   filterbank.obj
 0001:00004820       _delFIRPB                  10005820 f   filterbank.obj
 0001:00004880       _doFIRPFBUpsampler         10005880 f   filterbank.obj
 0001:000049b0       _doFIRPFBdownsampler       100059b0 f   filterbank.obj
 0001:00004b00       _delFIRUpsample            10005b00 f   filterbank.obj
 0001:00004b50       _FMDemod                   10005b50 f   fm_demod.obj
 0001:00004d90       _newFMD                    10005d90 f   fm_demod.obj
 0001:00004fb0       _delFMD                    10005fb0 f   fm_demod.obj
 0001:000051b0       _new_EQ                    100061b0 f   graphiceq.obj
 0001:000053b0       _graphiceq                 100063b0 f   graphiceq.obj
 0001:00005690       _delEQ                     10006690 f   graphiceq.obj
 0001:000056c0       _newHilbert                100066c0 f   hilbert.obj
 0001:000057a0       _newHilbertsim             100067a0 f   hilbert.obj
 0001:00005800       _delHilbert                10006800 f   hilbert.obj
 0001:00005840       _delHilsim                 10006840 f   hilbert.obj
 0001:00005870       _hilbert_transform         10006870 f   hilbert.obj
 0001:00005aa0       _hilsim_transform          10006aa0 f   hilbert.obj
 0001:00005bd0       _ISOband_get_nominal       10006bd0 f   isoband.obj
 0001:00005c10       _ISOband_get_exact         10006c10 f   isoband.obj
 0001:00005c50       _ISOband_get_low           10006c50 f   isoband.obj
 0001:00005c90       _ISOband_get_high          10006c90 f   isoband.obj
 0001:00005cd0       _CWtoneExchange            10006cd0 f   keyd.obj
 0001:00005e70       _send_tone                 10006e70 f   keyd.obj
 0001:00005f40       _send_silence              10006f40 f   keyd.obj
 0001:00005fd0       _timer_callback@20         10006fd0 f   keyd.obj
 0001:00005fe0       _sound_thread_keyd         10006fe0 f   keyd.obj
 0001:00006050       _read_key                  10007050 f   keyd.obj
 0001:000060d0       _SetWhichKey               100070d0 f   keyd.obj
 0001:000060e0       _key_thread_process        100070e0 f   keyd.obj
 0001:00006180       _KeyerPlaying              10007180 f   keyd.obj
 0001:00006190       _SetKeyerBug               10007190 f   keyd.obj
 0001:00006200       _SetKeyerSpeed             10007200 f   keyd.obj
 0001:00006240       _SetKeyerWeight            10007240 f   keyd.obj
 0001:00006270       _SetKeyerIambic            10007270 f   keyd.obj
 0001:000062e0       _SetKeyerAutoSpace         100072e0 f   keyd.obj
 0001:00006310       _SetKeyerModeBStrict       10007310 f   keyd.obj
 0001:00006340       _SetKeyerFreq              10007340 f   keyd.obj
 0001:000063a0       _SetKeyerHarmonicRemove    100073a0 f   keyd.obj
 0001:000063e0       _SetKeyerGain              100073e0 f   keyd.obj
 0001:00006460       _SetKeyerRamp              10007460 f   keyd.obj
 0001:000064c0       _SetKeyerMode              100074c0 f   keyd.obj
 0001:00006530       _SetKeyerDeBounce          10007530 f   keyd.obj
 0001:00006560       _SetKeyerRevPdl            10007560 f   keyd.obj
 0001:00006590       _NewKeyer                  10007590 f   keyd.obj
 0001:00006730       _NewCriticalSection        10007730 f   keyd.obj
 0001:00006750       _DestroyCriticalSection    10007750 f   keyd.obj
 0001:00006760       _CWRingRestart             10007760 f   keyd.obj
 0001:00006770       _StartKeyer                10007770 f   keyd.obj
 0001:000067d0       _StopKeyer                 100077d0 f   keyd.obj
 0001:00006810       _KeyerRunning              10007810 f   keyd.obj
 0001:00006820       _DeleteKeyer               10007820 f   keyd.obj
 0001:00006910       _KeyerClockFireWait        10007910 f   keyd.obj
 0001:00006920       _KeyerClockFireRelease     10007920 f   keyd.obj
 0001:00006930       _KeyerStartedWait          10007930 f   keyd.obj
 0001:00006940       _KeyerStartedRelease       10007940 f   keyd.obj
 0001:00006950       _PollTimerWait             10007950 f   keyd.obj
 0001:00006960       _PollTimerRelease          10007960 f   keyd.obj
 0001:00006970       _SetKeyerResetSize         10007970 f   keyd.obj
 0001:00006990       _SetKeyerSampleRate        10007990 f   keyd.obj
 0001:00006a10       _newKeyerState             10007a10 f   keyer.obj
 0001:00006a30       _delKeyerState             10007a30 f   keyer.obj
 0001:00006a40       _newKeyerLogic             10007a40 f   keyer.obj
 0001:00006a60       _delKeyerLogic             10007a60 f   keyer.obj
 0001:00006a70       _klogic                    10007a70 f   keyer.obj
 0001:00007210       _read_straight_key         10008210 f   keyerio.obj
 0001:00007280       _read_iambic_key           10008280 f   keyerio.obj
 0001:00007390       _new_lmsr                  10008390 f   lmadf.obj
 0001:00007430       _del_lmsr                  10008430 f   lmadf.obj
 0001:00007460       _lmsr_adapt                10008460 f   lmadf.obj
 0001:00007650       _new_blms                  10008650 f   lmadf.obj
 0001:000077a0       _blms_adapt                100087a0 f   lmadf.obj
 0001:00007de0       _del_blms                  10008de0 f   lmadf.obj
 0001:00007e60       _dump_filter               10008e60 f   lmadf.obj
 0001:00007ec0       _dump_delay                10008ec0 f   lmadf.obj
 0001:00007f20       _malloc16Align             10008f20 f   malloc16.obj
 0001:00007f50       _calloc16Align             10008f50 f   malloc16.obj
 0001:00007f90       _free16Align               10008f90 f   malloc16.obj
 0001:00007fb0       _new_noiseblanker          10008fb0 f   noiseblanker.obj
 0001:00008010       _del_nb                    10009010 f   noiseblanker.obj
 0001:00008030       _noiseblanker              10009030 f   noiseblanker.obj
 0001:00008140       _SDROMnoiseblanker         10009140 f   noiseblanker.obj
 0001:00008250       _ComplexOSC                10009250 f   oscillator.obj
 0001:000082d0       _RealOSC                   100092d0 f   oscillator.obj
 0001:00008330       _newOSC                    10009330 f   oscillator.obj
 0001:000083a0       _delOSC                    100093a0 f   oscillator.obj
 0001:000083e0       _newFiltOvSv               100093e0 f   ovsv.obj
 0001:00008530       _delFiltOvSv               10009530 f   ovsv.obj
 0001:00008580       _FiltOvSv_initpoint        10009580 f   ovsv.obj
 0001:00008590       _FiltOvSv_initsize         10009590 f   ovsv.obj
 0001:000085a0       _FiltOvSv_fetchpoint       100095a0 f   ovsv.obj
 0001:000085b0       _FiltOvSv_fetchsize        100095b0 f   ovsv.obj
 0001:000085c0       _FiltOvSv_storepoint       100095c0 f   ovsv.obj
 0001:000085d0       _FiltOvSv_storesize        100095d0 f   ovsv.obj
 0001:000085e0       _filter_OvSv               100095e0 f   ovsv.obj
 0001:000086a0       _reset_OvSv                100096a0 f   ovsv.obj
 0001:000086d0       _newPolyPhaseFIR           100096d0 f   resample.obj
 0001:00008770       _PolyPhaseFIR              10009770 f   resample.obj
 0001:000088c0       _delPolyPhaseFIR           100098c0 f   resample.obj
 0001:000088f0       _newPolyPhaseFIRF          100098f0 f   resampleF.obj
 0001:00008980       _PolyPhaseFIRF             10009980 f   resampleF.obj
 0001:00008a50       _delPolyPhaseFIRF          10009a50 f   resampleF.obj
 0001:00008a80       _ringb_create_usemem       10009a80 f   ringb.obj
 0001:00008ab0       _ringb_create              10009ab0 f   ringb.obj
 0001:00008b00       _ringb_float_create        10009b00 f   ringb.obj
 0001:00008b50       _ringb_free                10009b50 f   ringb.obj
 0001:00008b70       _ringb_float_free          10009b70 f   ringb.obj
 0001:00008b90       _ringb_get_read_vector     10009b90 f   ringb.obj
 0001:00008c20       _ringb_get_write_vector    10009c20 f   ringb.obj
 0001:00008cd0       _ringb_read                10009cd0 f   ringb.obj
 0001:00008da0       _ringb_float_read          10009da0 f   ringb.obj
 0001:00008e80       _ringb_peek                10009e80 f   ringb.obj
 0001:00008f50       _ringb_read_advance        10009f50 f   ringb.obj
 0001:00008f70       _ringb_float_read_advance  10009f70 f   ringb.obj
 0001:00008f90       _ringb_read_space          10009f90 f   ringb.obj
 0001:00008fc0       _ringb_float_read_space    10009fc0 f   ringb.obj
 0001:00008ff0       _ringb_reset               10009ff0 f   ringb.obj
 0001:00009010       _ringb_float_reset         1000a010 f   ringb.obj
 0001:00009030       _ringb_write               1000a030 f   ringb.obj
 0001:00009110       _ringb_float_write         1000a110 f   ringb.obj
 0001:00009200       _ringb_write_advance       1000a200 f   ringb.obj
 0001:00009220       _ringb_float_write_advance 1000a220 f   ringb.obj
 0001:00009240       _ringb_write_space         1000a240 f   ringb.obj
 0001:00009270       _ringb_float_write_space   1000a270 f   ringb.obj
 0001:000092a0       _ringb_clear               1000a2a0 f   ringb.obj
 0001:000093a0       _ringb_float_clear         1000a3a0 f   ringb.obj
 0001:000094b0       _ringb_restart             1000a4b0 f   ringb.obj
 0001:000094d0       _ringb_float_restart       1000a4d0 f   ringb.obj
 0001:000094f0       _reset_meters              1000a4f0 f   sdr.obj
 0001:00009610       _reset_spectrum            1000a610 f   sdr.obj
 0001:00009640       _reset_counters            1000a640 f   sdr.obj
 0001:00009690       _setup_workspace           1000a690 f   sdr.obj
 0001:00009710       _destroy_workspace         1000a710 f   sdr.obj
 0001:00009900       _dump_buf                  1000a900 f   sdr.obj
 0001:00009a90       _process_samples           1000aa90 f   sdr.obj
 0001:0000ca80       _init_spectrum             1000da80 f   spectrum.obj
 0001:0000cb70       _reinit_spectrum           1000db70 f   spectrum.obj
 0001:0000cbd0       _snap_spectrum             1000dbd0 f   spectrum.obj
 0001:0000ceb0       _snap_scope                1000deb0 f   spectrum.obj
 0001:0000cef0       _compute_spectrum          1000def0 f   spectrum.obj
 0001:0000d0d0       _compute_complex_spectrum  1000e0d0 f   spectrum.obj
 0001:0000d160       _finish_spectrum           1000e160 f   spectrum.obj
 0001:0000d1d0       _newSpeechProc             1000e1d0 f   speechproc.obj
 0001:0000d270       _delSpeechProc             1000e270 f   speechproc.obj
 0001:0000d2a0       _SpeechProcessor           1000e2a0 f   speechproc.obj
 0001:0000d4a0       _F                         1000e4a0 f   splitfields.obj
 0001:0000d4b0       _Fptr                      1000e4b0 f   splitfields.obj
 0001:0000d4c0       _NF                        1000e4c0 f   splitfields.obj
 0001:0000d4d0       _splitonto                 1000e4d0 f   splitfields.obj
 0001:0000d520       _spliton                   1000e520 f   splitfields.obj
 0001:0000d550       _split                     1000e550 f   splitfields.obj
 0001:0000d580       _newSPLIT                  1000e580 f   splitfields.obj
 0001:0000d5a0       _delSPLIT                  1000e5a0 f   splitfields.obj
 0001:0000d5c0       _newSpotToneGen            1000e5c0 f   spottone.obj
 0001:0000d660       _delSpotToneGen            1000e660 f   spottone.obj
 0001:0000d690       _setSpotToneGenVals        1000e690 f   spottone.obj
 0001:0000d6c0       _SpotToneOn                1000e6c0 f   spottone.obj
 0001:0000d7b0       _SpotToneOff               1000e7b0 f   spottone.obj
 0001:0000d7c0       _SpotTone                  1000e7c0 f   spottone.obj
 0001:0000d8d0       _Setup_SDR                 1000e8d0 f   update.obj
 0001:0000d8e0       _Destroy_SDR               1000e8e0 f   update.obj
 0001:0000d8f0       _SetThreadNo               1000e8f0 f   update.obj
 0001:0000d950       _SetThreadCom              1000e950 f   update.obj
 0001:0000d9a0       _SetSwchFlag               1000e9a0 f   update.obj
 0001:0000d9d0       _SetSwchRiseThresh         1000e9d0 f   update.obj
 0001:0000da10       _SetThreadProcessingMode   1000ea10 f   update.obj
 0001:0000dad0       _SetMode                   1000ead0 f   update.obj
 0001:0000db70       _AudioReset                1000eb70 f   update.obj
 0001:0000db80       _SetRXManualNotchEnable    1000eb80 f   update.obj
 0001:0000dbf0       _SetRXManualNotchBW        1000ebf0 f   update.obj
 0001:0000dc70       _SetRXManualNotchFreq      1000ec70 f   update.obj
 0001:0000ddb0       _SetRXDCBlock              1000edb0 f   update.obj
 0001:0000de00       _SetRXDCBlockGain          1000ee00 f   update.obj
 0001:0000de50       _SetTXDCBlock              1000ee50 f   update.obj
 0001:0000de90       _SetTXFMDeviation          1000ee90 f   update.obj
 0001:0000dee0       _SetRXFMDeviation          1000eee0 f   update.obj
 0001:0000df80       _SetCTCSSFreq              1000ef80 f   update.obj
 0001:0000dfe0       _SetCTCSSFlag              1000efe0 f   update.obj
 0001:0000e020       _SetFMSquelchThreshold     1000f020 f   update.obj
 0001:0000e0a0       _SetTXFilter               1000f0a0 f   update.obj
 0001:0000e260       _SetRXFilter               1000f260 f   update.obj
 0001:0000e420       _Release_Update            1000f420 f   update.obj
 0001:0000e450       _SetRXOutputGain           1000f450 f   update.obj
 0001:0000e4a0       _SetOscPhase               1000f4a0 f   update.obj
 0001:0000e530       _SetRXOsc                  1000f530 f   update.obj
 0001:0000e5c0       _SetTXOsc                  1000f5c0 f   update.obj
 0001:0000e650       _SetSampleRate             1000f650 f   update.obj
 0001:0000e700       _SetNR                     1000f700 f   update.obj
 0001:0000e760       _SetNRvals                 1000f760 f   update.obj
 0001:0000e7f0       _SetTXCompandSt            1000f7f0 f   update.obj
 0001:0000e830       _SetTXCompand              1000f830 f   update.obj
 0001:0000e880       _SetTXSquelchSt            1000f880 f   update.obj
 0001:0000e8c0       _SetTXSquelchVal           1000f8c0 f   update.obj
 0001:0000e900       _SetTXSquelchAtt           1000f900 f   update.obj
 0001:0000e940       _SetANF                    1000f940 f   update.obj
 0001:0000e9a0       _SetANFvals                1000f9a0 f   update.obj
 0001:0000ea30       _SetNB                     1000fa30 f   update.obj
 0001:0000ea70       _SetNBvals                 1000fa70 f   update.obj
 0001:0000eac0       _SetSDROM                  1000fac0 f   update.obj
 0001:0000eb00       _SetSDROMvals              1000fb00 f   update.obj
 0001:0000eb50       _SetBIN                    1000fb50 f   update.obj
 0001:0000eb90       _SetRXAGC                  1000fb90 f   update.obj
 0001:0000ee20       _SetRXAGCAttack            1000fe20 f   update.obj
 0001:0000ef20       _SetRXAGCDecay             1000ff20 f   update.obj
 0001:0000efc0       _SetRXAGCHang              1000ffc0 f   update.obj
 0001:0000f030       _SetRXAGCSlope             10010030 f   update.obj
 0001:0000f0a0       _SetRXAGCHangThreshold     100100a0 f   update.obj
 0001:0000f110       _SetTXALCAttack            10010110 f   update.obj
 0001:0000f210       _SetTXAMCarrierLevel       10010210 f   update.obj
 0001:0000f250       _SetTXALCDecay             10010250 f   update.obj
 0001:0000f2f0       _SetTXALCBot               100102f0 f   update.obj
 0001:0000f350       _SetTXALCHang              10010350 f   update.obj
 0001:0000f3b0       _SetTXLevelerSt            100103b0 f   update.obj
 0001:0000f3f0       _SetTXLevelerAttack        100103f0 f   update.obj
 0001:0000f4f0       _SetTXLevelerDecay         100104f0 f   update.obj
 0001:0000f590       _SetTXLevelerHang          10010590 f   update.obj
 0001:0000f5e0       _SetTXLevelerTop           100105e0 f   update.obj
 0001:0000f650       _SetFixedAGC               10010650 f   update.obj
 0001:0000f6c0       _SetRXAGCTop               100106c0 f   update.obj
 0001:0000f760       _GetSAMPLLvals             10010760 f   update.obj
 0001:0000f7c0       _SetSAMPLLvals             100107c0 f   update.obj
 0001:0000f820       _GetSAMFreq                10010820 f   update.obj
 0001:0000f870       _SetCorrectIQ              10010870 f   update.obj
 0001:0000f8e0       _SetCorrectIQGain          100108e0 f   update.obj
 0001:0000f940       _SetCorrectIQPhase         10010940 f   update.obj
 0001:0000f990       _SetCorrectIQEnable        10010990 f   update.obj
 0001:0000f9c0       _SetCorrectRXIQMu          100109c0 f   update.obj
 0001:0000fa10       _SetCorrectWBIRState       10010a10 f   update.obj
 0001:0000fa50       _GetCorrectRXIQMu          10010a50 f   update.obj
 0001:0000fa70       _SetCorrectRXIQw           10010a70 f   update.obj
 0001:0000fb00       _GetCorrectRXIQw           10010b00 f   update.obj
 0001:0000fb60       _SetCorrectRXIQwReal       10010b60 f   update.obj
 0001:0000fbb0       _SetCorrectRXIQwImag       10010bb0 f   update.obj
 0001:0000fc00       _SetCorrectTXIQ            10010c00 f   update.obj
 0001:0000fc70       _SetCorrectTXIQGain        10010c70 f   update.obj
 0001:0000fcc0       _SetCorrectTXIQPhase       10010cc0 f   update.obj
 0001:0000fd10       _SetCorrectTXIQMu          10010d10 f   update.obj
 0001:0000fd60       _SetCorrectTXIQW           10010d60 f   update.obj
 0001:0000fdb0       _SetPWSmode                10010db0 f   update.obj
 0001:0000fe90       _SetWindow                 10010e90 f   update.obj
 0001:0000fef0       _SetSpectrumPolyphase      10010ef0 f   update.obj
 0001:00010080       _SetGrphTXEQ               10011080 f   update.obj
 0001:00010860       _SetGrphTXEQ10             10011860 f   update.obj
 0001:00010c70       _SetGrphTXEQcmd            10011c70 f   update.obj
 0001:00010cb0       _SetNotch160               10011cb0 f   update.obj
 0001:00010cc0       _SetGrphRXEQ               10011cc0 f   update.obj
 0001:000114b0       _SetGrphRXEQ10             100124b0 f   update.obj
 0001:000118d0       _SetGrphRXEQcmd            100128d0 f   update.obj
 0001:00011910       _SetTXAGCFF                10012910 f   update.obj
 0001:00011950       _SetTXAGCFFCompression     10012950 f   update.obj
 0001:000119e0       _SetSquelchVal             100129e0 f   update.obj
 0001:00011a30       _SetSquelchState           10012a30 f   update.obj
 0001:00011a70       _SetTRX                    10012a70 f   update.obj
 0001:00011ab0       _FlushAllBufs              10012ab0 f   update.obj
 0001:00011bd0       _SetDSPBuflen              10012bd0 f   update.obj
 0001:00011c20       _SetAudioSize              10012c20 f   update.obj
 0001:00011ce0       _SetTXAGCCompression       10012ce0 f   update.obj
 0001:00011cf0       _Process_ComplexSpectrum   10012cf0 f   update.obj
 0001:00011d50       _Process_Spectrum          10012d50 f   update.obj
 0001:00011db0       _Process_Panadapter        10012db0 f   update.obj
 0001:00011e40       _Process_Phase             10012e40 f   update.obj
 0001:00011ee0       _Process_Scope             10012ee0 f   update.obj
 0001:00011fc0       _SetRingBufferOffset       10012fc0 f   update.obj
 0001:00012000       _CalculateRXMeter          10013000 f   update.obj
 0001:000120f0       _CalculateTXMeter          100130f0 f   update.obj
 0001:00012270       _NewResampler              10013270 f   update.obj
 0001:000122a0       _DoResampler               100132a0 f   update.obj
 0001:000122d0       _DelPolyPhaseFIR           100132d0 f   update.obj
 0001:000122e0       _NewResamplerF             100132e0 f   update.obj
 0001:00012310       _DoResamplerF              10013310 f   update.obj
 0001:00012340       _DelPolyPhaseFIRF          10013340 f   update.obj
 0001:00012350       _SetSubRXSt                10013350 f   update.obj
 0001:00012430       _SetRXPan                  10013430 f   update.obj
 0001:00012540       _SetDiversity              10013540 f   update.obj
 0001:00012590       _SetDiversityScalar        10013590 f   update.obj
 0001:000125e0       _SetDiversityGain          100135e0 f   update.obj
 0001:00012610       _makewindow                10013610 f   window.obj
 0001:00012c70       _Audio_Callback            10013c70 f   winmain.obj
 0001:00012e40       _Audio_Callback2           10013e40 f   winmain.obj
 0001:00013230       _process_samples_thread    10014230 f   winmain.obj
 0001:00013440       _closeup                   10014440 f   winmain.obj
 0001:000134e0       _setup                     100144e0 f   winmain.obj
 0001:00013700       _reset_for_buflen          10014700 f   winmain.obj
 0001:000137d0       _reset_for_samplerate      100147d0 f   winmain.obj
 0001:00014060       _WSCompand                 10015060 f   wscompand.obj
 0001:00014170       _WSCReset                  10015170 f   wscompand.obj
 0001:00014230       _newWSCompander            10015230 f   wscompand.obj
 0001:00014290       _delWSCompander            10015290 f   wscompand.obj
 0001:000142c0       _InitSPEEDTRIG             100152c0 f   fastrig1.obj
 0001:00014340       _fast_sin                  10015340 f   fastrig1.obj
 0001:000143a0       _fast_cos                  100153a0 f   fastrig1.obj
 0001:00014400       _fast_atan2                10015400 f   fastrig1.obj
 0001:00014560       _phasemod                  10015560 f   fastrig1.obj
 0001:000145b0       _timeSetEvent@20           100155b0 f   winMM:WINMM.dll
 0001:000145b6       _timeKillEvent@4           100155b6 f   winMM:WINMM.dll
 0001:000145bc       _fftwf_execute             100155bc f   libfftw3f-3:libfftw3f-3.dll
 0001:000145c2       _fftwf_plan_dft_1d         100155c2 f   libfftw3f-3:libfftw3f-3.dll
 0001:000145c8       _fftwf_destroy_plan        100155c8 f   libfftw3f-3:libfftw3f-3.dll
 0001:000145ce       _fftwf_import_wisdom_from_string 100155ce f   libfftw3f-3:libfftw3f-3.dll
 0001:000145d4       _sem_init                  100155d4 f   pthreadVC:pthreadVC.dll
 0001:000145da       _sem_destroy               100155da f   pthreadVC:pthreadVC.dll
 0001:000145e0       _sem_wait                  100155e0 f   pthreadVC:pthreadVC.dll
 0001:000145e6       _sem_post                  100155e6 f   pthreadVC:pthreadVC.dll
 0001:000145ec       @__security_check_cookie@4 100155ec f   LIBCMT:_secchk_.obj
 0001:00014600       __alldiv                   10015600 f   LIBCMT:lldiv.obj
 0001:000146b0       __ftol2_sse                100156b0 f   LIBCMT:_ftol2_.obj
 0001:000146b9       __ftol2_pentium4           100156b9 f   LIBCMT:_ftol2_.obj
 0001:000146cc       __ftol2_sse_excpt          100156cc f   LIBCMT:_ftol2_.obj
 0001:000146f0       __ftol2                    100156f0 f   LIBCMT:_ftol2_.obj
 0001:00014770       __alloca_probe             10015770 f   LIBCMT:chkstk.obj
 0001:00014770       __chkstk                   10015770 f   LIBCMT:chkstk.obj
 0001:00014aa5       __CRT_INIT@12              10015aa5 f   LIBCMT:dll_dllmain.obj
 0001:00014aae       __DllMainCRTStartup@12     10015aae f   LIBCMT:dll_dllmain.obj
 0001:00014ad1       ___raise_securityfailure   10015ad1 f   LIBCMT:gs_report.obj
 0001:00014af9       ___report_gsfailure        10015af9 f   LIBCMT:gs_report.obj
 0001:00014bf4       ___report_rangecheckfailure 10015bf4 f   LIBCMT:gs_report.obj
 0001:00014c00       ___report_securityfailure  10015c00 f   LIBCMT:gs_report.obj
 0001:00014cd0       ___report_securityfailureEx 10015cd0 f   LIBCMT:gs_report.obj
 0001:00014de6       ___isa_available_init      10015de6 f   LIBCMT:_cpu_disp_.obj
 0001:00014f80       ??$__crt_fast_decode_pointer@PAP6AXXZ@@YAPAP6AXXZQAP6AXXZ@Z 10015f80 f i LIBCMT:utility.obj
 0001:00014f94       ??$__crt_fast_encode_pointer@PAP6AXXZ@@YAPAP6AXXZQAP6AXXZ@Z 10015f94 f i LIBCMT:utility.obj
 0001:00014fb1       ?__crt_rotate_pointer_value@@YAIIH@Z 10015fb1 f i LIBCMT:utility.obj
 0001:00014fbe       ?configure_argv@__scrt_narrow_argv_policy@@SAHXZ 10015fbe f i LIBCMT:utility.obj
 0001:00015042       _NtCurrentTeb              10016042 f i LIBCMT:utility.obj
 0001:00015049       ___scrt_acquire_startup_lock 10016049 f   LIBCMT:utility.obj
 0001:0001507e       ___scrt_dllmain_after_initialize_c 1001607e f   LIBCMT:utility.obj
 0001:000150a9       ___scrt_dllmain_before_initialize_c 100160a9 f   LIBCMT:utility.obj
 0001:000150b7       ___scrt_dllmain_crt_thread_attach 100160b7 f   LIBCMT:utility.obj
 0001:000150d6       ___scrt_dllmain_crt_thread_detach 100160d6 f   LIBCMT:utility.obj
 0001:000150e3       ___scrt_dllmain_exception_filter 100160e3 f   LIBCMT:utility.obj
 0001:00015116       ___scrt_dllmain_uninitialize_c 10016116 f   LIBCMT:utility.obj
 0001:00015139       ___scrt_dllmain_uninitialize_critical 10016139 f   LIBCMT:utility.obj
 0001:00015146       ___scrt_initialize_crt     10016146 f   LIBCMT:utility.obj
 0001:0001517f       ___scrt_initialize_onexit_tables 1001617f f   LIBCMT:utility.obj
 0001:00015216       ___scrt_is_nonwritable_in_current_image 10016216 f   LIBCMT:utility.obj
 0001:000152a0       ___scrt_release_startup_lock 100162a0 f   LIBCMT:utility.obj
 0001:000152bd       ___scrt_uninitialize_crt   100162bd f   LIBCMT:utility.obj
 0001:000152e5       __onexit                   100162e5 f   LIBCMT:utility.obj
 0001:00015320       _at_quick_exit             10016320 f   LIBCMT:utility.obj
 0001:00015351       _atexit                    10016351 f   LIBCMT:utility.obj
 0001:00015366       ___security_init_cookie    10016366 f   LIBCMT:gs_support.obj
 0001:00015402       _DllMain@12                10016402 f   LIBCMT:dll_dllmain_stub.obj
 0001:00015408       ?__scrt_initialize_type_info@@YAXXZ 10016408 f   LIBCMT:tncleanup.obj
 0001:00015414       ?__scrt_uninitialize_type_info@@YAXXZ 10016414 f   LIBCMT:tncleanup.obj
 0001:00015420       ___local_stdio_scanf_options 10016420 f i LIBCMT:default_local_stdio_options.obj
 0001:00015426       ___scrt_initialize_default_local_stdio_options 10016426 f   LIBCMT:default_local_stdio_options.obj
 0001:00015443       ___scrt_get_dyn_tls_init_callback 10016443 f   LIBCMT:dyn_tls_init.obj
 0001:00015449       ___scrt_fastfail           10016449 f   LIBCMT:utility_desktop.obj
 0001:00015564       ___scrt_get_show_window_mode 10016564 f   LIBCMT:utility_desktop.obj
 0001:00015597       ___scrt_initialize_winrt   10016597 f   LIBCMT:utility_desktop.obj
 0001:0001559a       ___scrt_is_managed_app     1001659a f   LIBCMT:utility_desktop.obj
 0001:000155de       ___scrt_set_unhandled_exception_filter 100165de f   LIBCMT:utility_desktop.obj
 0001:000155ea       ___scrt_unhandled_exception_filter@4 100165ea f   LIBCMT:utility_desktop.obj
 0001:0001562b       __crt_debugger_hook        1001662b f   LIBCMT:utility_desktop.obj
 0001:00015633       __RTC_Initialize           10016633 f   LIBCMT:_initsect_.obj
 0001:0001565e       __RTC_Terminate            1001665e f   LIBCMT:_initsect_.obj
 0001:00015689       @_guard_check_icall@4      10016689 f i LIBCMT:checkcfg.obj
 0001:00015690       __SEH_prolog4              10016690 f   LIBCMT:_sehprolg4_.obj
 0001:000156d6       __SEH_epilog4              100166d6 f   LIBCMT:_sehprolg4_.obj
 0001:000156eb       __get_startup_argv_mode    100166eb f   LIBCMT:argv_mode.obj
 0001:000156ef       ___scrt_is_ucrt_dll_in_use 100166ef f   LIBCMT:ucrt_detection.obj
 0001:000156fb       @_guard_check_icall_nop@4  100166fb f i LIBCMT:guard_support.obj
 0001:000156fc       __guard_icall_checks_enforced 100166fc f i LIBCMT:guard_support.obj
 0001:0001570e       _GetSystemTimeAsFileTime@4 1001670e f   kernel32:KERNEL32.dll
 0001:00015714       _EnterCriticalSection@4    10016714 f   kernel32:KERNEL32.dll
 0001:0001571a       _LeaveCriticalSection@4    1001671a f   kernel32:KERNEL32.dll
 0001:00015720       _InitializeCriticalSectionAndSpinCount@8 10016720 f   kernel32:KERNEL32.dll
 0001:00015726       _DeleteCriticalSection@4   10016726 f   kernel32:KERNEL32.dll
 0001:0001572c       _Sleep@4                   1001672c f   kernel32:KERNEL32.dll
 0001:00015732       _GetCurrentThreadId@0      10016732 f   kernel32:KERNEL32.dll
 0001:00015738       _UnhandledExceptionFilter@4 10016738 f   kernel32:KERNEL32.dll
 0001:0001573e       _SetUnhandledExceptionFilter@4 1001673e f   kernel32:KERNEL32.dll
 0001:00015744       _GetCurrentProcess@0       10016744 f   kernel32:KERNEL32.dll
 0001:0001574a       _TerminateProcess@8        1001674a f   kernel32:KERNEL32.dll
 0001:00015750       _IsProcessorFeaturePresent@4 10016750 f   kernel32:KERNEL32.dll
 0001:00015756       _QueryPerformanceCounter@4 10016756 f   kernel32:KERNEL32.dll
 0001:0001575c       _GetCurrentProcessId@0     1001675c f   kernel32:KERNEL32.dll
 0001:00015762       _InitializeSListHead@4     10016762 f   kernel32:KERNEL32.dll
 0001:00015768       _IsDebuggerPresent@0       10016768 f   kernel32:KERNEL32.dll
 0001:0001576e       _GetStartupInfoW@4         1001676e f   kernel32:KERNEL32.dll
 0001:00015774       _GetModuleHandleW@4        10016774 f   kernel32:KERNEL32.dll
 0001:00015780       _memset                    10016780 f   libvcruntime:memset.obj
 0001:000158e0       _memcpy                    100168e0 f   libvcruntime:memcpy.obj
 0001:00015ea0       __except_handler4          10016ea0 f   libvcruntime:_chandler4_.obj
 0001:00016006       ___vcrt_initialize         10017006 f   libvcruntime:initialization.obj
 0001:0001602f       ___vcrt_thread_attach      1001702f f   libvcruntime:initialization.obj
 0001:0001603a       ___vcrt_thread_detach      1001703a f   libvcruntime:initialization.obj
 0001:00016045       ___vcrt_uninitialize       10017045 f   libvcruntime:initialization.obj
 0001:00016064       ___vcrt_uninitialize_critical 10017064 f   libvcruntime:initialization.obj
 0001:0001607b       ??$?RD@__crt_internal_free_policy@@QBEXQBD@Z 1001707b f i libvcruntime:std_type_info.obj
 0001:0001608b       ??$?RX@__crt_internal_free_policy@@QBEXQBX@Z 1001708b f i libvcruntime:std_type_info.obj
 0001:0001609b       ??$__crt_interlocked_compare_exchange_pointer@$$CBD$$T$$T@@YAPBDPDSBD$$T1@Z 1001709b f i libvcruntime:std_type_info.obj
 0001:000160ad       ??$__crt_interlocked_compare_exchange_pointer@$$CBDPAD$$T@@YAPBDPDSBDQAD$$T@Z 100170ad f i libvcruntime:std_type_info.obj
 0001:000160bf       ??$__crt_interlocked_read_pointer@$$CBD@@YAPBDPDSBD@Z 100170bf f i libvcruntime:std_type_info.obj
 0001:000160cf       ??0?$__crt_unique_heap_ptr@DU__crt_internal_free_policy@@@@QAE@QAD@Z 100170cf f i libvcruntime:std_type_info.obj
 0001:000160dd       ??0?$__crt_unique_heap_ptr@XU__crt_internal_free_policy@@@@QAE@QAX@Z 100170dd f i libvcruntime:std_type_info.obj
 0001:000160eb       ??1?$__crt_unique_heap_ptr@DU__crt_internal_free_policy@@@@QAE@XZ 100170eb f i libvcruntime:std_type_info.obj
 0001:000160fb       ??1?$__crt_unique_heap_ptr@XU__crt_internal_free_policy@@@@QAE@XZ 100170fb f i libvcruntime:std_type_info.obj
 0001:00016117       ??B?$__crt_unique_heap_ptr@DU__crt_internal_free_policy@@@@QBE_NXZ 10017117 f i libvcruntime:std_type_info.obj
 0001:0001611e       ??B?$__crt_unique_heap_ptr@XU__crt_internal_free_policy@@@@QBE_NXZ 1001711e f i libvcruntime:std_type_info.obj
 0001:00016145       ?detach@?$__crt_unique_heap_ptr@XU__crt_internal_free_policy@@@@QAEPAXXZ 10017145 f i libvcruntime:std_type_info.obj
 0001:0001614b       ?get@?$__crt_unique_heap_ptr@DU__crt_internal_free_policy@@@@QBEPADXZ 1001714b f i libvcruntime:std_type_info.obj
 0001:0001614e       ?get@?$__crt_unique_heap_ptr@XU__crt_internal_free_policy@@@@QBEPAXXZ 1001714e f i libvcruntime:std_type_info.obj
 0001:00016151       ?is_valid@?$__crt_unique_heap_ptr@DU__crt_internal_free_policy@@@@QBE_NXZ 10017151 f i libvcruntime:std_type_info.obj
 0001:00016158       ?is_valid@?$__crt_unique_heap_ptr@XU__crt_internal_free_policy@@@@QBE_NXZ 10017158 f i libvcruntime:std_type_info.obj
 0001:0001615f       ?release@?$__crt_unique_heap_ptr@DU__crt_internal_free_policy@@@@QAEXXZ 1001715f f i libvcruntime:std_type_info.obj
 0001:0001616f       ?release@?$__crt_unique_heap_ptr@XU__crt_internal_free_policy@@@@QAEXXZ 1001716f f i libvcruntime:std_type_info.obj
 0001:0001617f       ___std_type_info_compare   1001717f f   libvcruntime:std_type_info.obj
 0001:000161bb       ___std_type_info_destroy_list 100171bb f   libvcruntime:std_type_info.obj
 0001:000161de       ___std_type_info_hash      100171de f   libvcruntime:std_type_info.obj
 0001:00016204       ___std_type_info_name      10017204 f   libvcruntime:std_type_info.obj
 0001:000162d0       __local_unwind4            100172d0 f   libvcruntime:_exsup4_.obj
 0001:000163a6       __seh_longjmp_unwind4@4    100173a6 f   libvcruntime:_exsup4_.obj
 0001:000163ce       @_EH4_CallFilterFunc@8     100173ce f   libvcruntime:_exsup4_.obj
 0001:000163e5       @_EH4_TransferToHandler@8  100173e5 f   libvcruntime:_exsup4_.obj
 0001:000163fe       @_EH4_GlobalUnwind2@8      100173fe f   libvcruntime:_exsup4_.obj
 0001:00016417       @_EH4_LocalUnwind@16       10017417 f   libvcruntime:_exsup4_.obj
 0001:0001642e       ___except_validate_context_record 1001742e f   libvcruntime:jbcxrval.obj
 0001:0001642f       ___except_validate_jump_buffer 1001742f f   libvcruntime:jbcxrval.obj
 0001:00016430       ??$?RU__vcrt_ptd@@@__crt_internal_free_policy@@QBEXQBU__vcrt_ptd@@@Z 10017430 f i libvcruntime:per_thread_data.obj
 0001:00016440       ??0?$__crt_unique_heap_ptr@U__vcrt_ptd@@U__crt_internal_free_policy@@@@QAE@QAU__vcrt_ptd@@@Z 10017440 f i libvcruntime:per_thread_data.obj
 0001:0001645d       ??1?$__crt_unique_heap_ptr@U__vcrt_ptd@@U__crt_internal_free_policy@@@@QAE@XZ 1001745d f i libvcruntime:per_thread_data.obj
 0001:00016476       ??B?$__crt_unique_heap_ptr@U__vcrt_ptd@@U__crt_internal_free_policy@@@@QBE_NXZ 10017476 f i libvcruntime:per_thread_data.obj
 0001:0001647d       ?detach@?$__crt_unique_heap_ptr@U__vcrt_ptd@@U__crt_internal_free_policy@@@@QAEPAU__vcrt_ptd@@XZ 1001747d f i libvcruntime:per_thread_data.obj
 0001:00016483       ?get@?$__crt_unique_heap_ptr@U__vcrt_ptd@@U__crt_internal_free_policy@@@@QBEPAU__vcrt_ptd@@XZ 10017483 f i libvcruntime:per_thread_data.obj
 0001:00016486       ?is_valid@?$__crt_unique_heap_ptr@U__vcrt_ptd@@U__crt_internal_free_policy@@@@QBE_NXZ 10017486 f i libvcruntime:per_thread_data.obj
 0001:0001648d       ?release@?$__crt_unique_heap_ptr@U__vcrt_ptd@@U__crt_internal_free_policy@@@@QAEXXZ 1001748d f i libvcruntime:per_thread_data.obj
 0001:000164b7       ___vcrt_freefls@4          100174b7 f   libvcruntime:per_thread_data.obj
 0001:000164d3       ___vcrt_freeptd            100174d3 f   libvcruntime:per_thread_data.obj
 0001:00016509       ___vcrt_getptd             10017509 f   libvcruntime:per_thread_data.obj
 0001:00016517       ___vcrt_getptd_noexit      10017517 f   libvcruntime:per_thread_data.obj
 0001:000165a9       ___vcrt_initialize_ptd     100175a9 f   libvcruntime:per_thread_data.obj
 0001:000165dc       ___vcrt_uninitialize_ptd   100175dc f   libvcruntime:per_thread_data.obj
 0001:000165f7       ___vcrt_initialize_locks   100175f7 f   libvcruntime:locks.obj
 0001:00016633       ___vcrt_lock               10017633 f   libvcruntime:locks.obj
 0001:00016648       ___vcrt_uninitialize_locks 10017648 f   libvcruntime:locks.obj
 0001:00016677       ___vcrt_unlock             10017677 f   libvcruntime:locks.obj
 0001:0001668c       ??$?BX@__crt_fast_encoded_nullptr_t@@QBEPAXXZ 1001768c f i libvcruntime:winapi_downlevel.obj
 0001:000166a4       ??$__crt_fast_decode_pointer@PAX@@YAPAXQAX@Z 100176a4 f i libvcruntime:winapi_downlevel.obj
 0001:000166b8       ??$__crt_fast_encode_pointer@PAX@@YAPAXQAX@Z 100176b8 f i libvcruntime:winapi_downlevel.obj
 0001:000166d5       ??$__crt_interlocked_compare_exchange_pointer@UHINSTANCE__@@$$T$$T@@YAPAUHINSTANCE__@@PDSAU0@$$T1@Z 100176d5 f i libvcruntime:winapi_downlevel.obj
 0001:000166e7       ??$__crt_interlocked_compare_exchange_pointer@X$$T$$T@@YAPAXPDSAX$$T1@Z 100176e7 f i libvcruntime:winapi_downlevel.obj
 0001:000166f9       ??$__crt_interlocked_exchange_pointer@UHINSTANCE__@@PAU1@@@YAPAUHINSTANCE__@@PDSAU0@QAU0@@Z 100176f9 f i libvcruntime:winapi_downlevel.obj
 0001:00016706       ??$__crt_interlocked_exchange_pointer@UHINSTANCE__@@PAX@@YAPAUHINSTANCE__@@PDSAU0@QAX@Z 10017706 f i libvcruntime:winapi_downlevel.obj
 0001:00016713       ??$__crt_interlocked_exchange_pointer@XPAX@@YAPAXPDSAXQAX@Z 10017713 f i libvcruntime:winapi_downlevel.obj
 0001:00016720       ??$__crt_interlocked_read_pointer@UHINSTANCE__@@@@YAPAUHINSTANCE__@@PDSAU0@@Z 10017720 f i libvcruntime:winapi_downlevel.obj
 0001:00016730       ??$__crt_interlocked_read_pointer@X@@YAPAXPDSAX@Z 10017730 f i libvcruntime:winapi_downlevel.obj
 0001:00016740       ?__crt_fast_encode_pointer@@YA?AU__crt_fast_encoded_nullptr_t@@$$T@Z 10017740 f i libvcruntime:winapi_downlevel.obj
 0001:000169e3       ___vcrt_EventRegister      100179e3 f   libvcruntime:winapi_downlevel.obj
 0001:00016a23       ___vcrt_EventSetInformation 10017a23 f   libvcruntime:winapi_downlevel.obj
 0001:00016a66       ___vcrt_EventUnregister    10017a66 f   libvcruntime:winapi_downlevel.obj
 0001:00016aa0       ___vcrt_EventWriteTransfer 10017aa0 f   libvcruntime:winapi_downlevel.obj
 0001:00016ae9       ___vcrt_FlsAlloc           10017ae9 f   libvcruntime:winapi_downlevel.obj
 0001:00016b23       ___vcrt_FlsFree            10017b23 f   libvcruntime:winapi_downlevel.obj
 0001:00016b5d       ___vcrt_FlsGetValue        10017b5d f   libvcruntime:winapi_downlevel.obj
 0001:00016b97       ___vcrt_FlsSetValue        10017b97 f   libvcruntime:winapi_downlevel.obj
 0001:00016bd4       ___vcrt_InitializeCriticalSectionEx 10017bd4 f   libvcruntime:winapi_downlevel.obj
 0001:00016c1a       ___vcrt_initialize_winapi_thunks 10017c1a f   libvcruntime:winapi_downlevel.obj
 0001:00016c54       ___vcrt_uninitialize_winapi_thunks 10017c54 f   libvcruntime:winapi_downlevel.obj
 0001:00016c86       ??$?B$$A6AXXZ@__crt_fast_encoded_nullptr_t@@QBEP6AXXZXZ 10017c86 f i libvcruntime:purevirt_data.obj
 0001:00016c9e       ??$__crt_fast_encode_pointer@P6AXXZ@@YAP6AXXZQ6AXXZ@Z 10017c9e f i libvcruntime:purevirt_data.obj
 0001:00016cbb       ___vcrt_initialize_pure_virtual_call_handler 10017cbb f   libvcruntime:purevirt_data.obj
 0001:00016cd8       ??$__vcrt_va_start_verify_argument_type@QBD@@YAXXZ 10017cd8 f i libvcruntime:undname.obj
 0001:00016cd9       ??0Block@_HeapManager@@QAE@XZ 10017cd9 f i libvcruntime:undname.obj
 0001:00016cdf       ??0DName@@QAE@AAPBDD@Z     10017cdf f   libvcruntime:undname.obj
 0001:00016d98       ??0DName@@QAE@ABV0@@Z      10017d98 f i libvcruntime:undname.obj
 0001:00016dae       ??0DName@@QAE@D@Z          10017dae f   libvcruntime:undname.obj
 0001:00016dda       ??0DName@@QAE@PAV0@@Z      10017dda f   libvcruntime:undname.obj
 0001:00016e27       ??0DName@@QAE@PBD@Z        10017e27 f   libvcruntime:undname.obj
 0001:00016e61       ??0DName@@QAE@W4DNameStatus@@@Z 10017e61 f   libvcruntime:undname.obj
 0001:00016ea4       ??0DName@@QAE@XZ           10017ea4 f i libvcruntime:undname.obj
 0001:00016eb5       ??0DName@@QAE@_J@Z         10017eb5 f   libvcruntime:undname.obj
 0001:00016f4a       ??0DName@@QAE@_K@Z         10017f4a f   libvcruntime:undname.obj
 0001:00016fb9       ??0DNameNode@@IAE@XZ       10017fb9 f   libvcruntime:undname.obj
 0001:00016fc2       ??0DNameStatusNode@@AAE@W4DNameStatus@@@Z 10017fc2 f   libvcruntime:undname.obj
 0001:00016fe5       ??0Replicator@@QAE@XZ      10017fe5 f i libvcruntime:undname.obj
 0001:00016feb       ??0UnDecorator@@QAE@PADPBDHP6APADJ@ZK@Z 10017feb f i libvcruntime:undname.obj
 0001:00017054       ??0charNode@@QAE@D@Z       10018054 f   libvcruntime:undname.obj
 0001:00017069       ??0pDNameNode@@QAE@PAVDName@@@Z 10018069 f   libvcruntime:undname.obj
 0001:00017091       ??0pairNode@@QAE@PAVDNameNode@@0@Z 10018091 f   libvcruntime:undname.obj
 0001:000170b0       ??0pcharNode@@QAE@PBDH@Z   100180b0 f   libvcruntime:undname.obj
 0001:00017109       ??2@YAPAXIAAV_HeapManager@@H@Z 10018109 f i libvcruntime:undname.obj
 0001:0001711e       ??4DName@@QAEAAV0@ABV0@@Z  1001811e f   libvcruntime:undname.obj
 0001:00017134       ??4DName@@QAEAAV0@D@Z      10018134 f i libvcruntime:undname.obj
 0001:00017160       ??4DName@@QAEAAV0@PAV0@@Z  10018160 f   libvcruntime:undname.obj
 0001:000171a9       ??4DName@@QAEAAV0@PBD@Z    100181a9 f   libvcruntime:undname.obj
 0001:000171db       ??4DName@@QAEAAV0@W4DNameStatus@@@Z 100181db f   libvcruntime:undname.obj
 0001:00017210       ??AReplicator@@QBE?AVDName@@H@Z 10018210 f   libvcruntime:undname.obj
 0001:0001724c       ??BUnDecorator@@QAEPADXZ   1001824c f i libvcruntime:undname.obj
 0001:000173c5       ??H@YA?AVDName@@DABV0@@Z   100183c5 f i libvcruntime:undname.obj
 0001:000173e9       ??H@YA?AVDName@@PBDABV0@@Z 100183e9 f i libvcruntime:undname.obj
 0001:0001740d       ??H@YA?AVDName@@W4DNameStatus@@ABV0@@Z 1001840d f i libvcruntime:undname.obj
 0001:00017431       ??HDName@@QBE?AV0@ABV0@@Z  10018431 f   libvcruntime:undname.obj
 0001:00017453       ??HDName@@QBE?AV0@D@Z      10018453 f   libvcruntime:undname.obj
 0001:00017475       ??HDName@@QBE?AV0@PAV0@@Z  10018475 f   libvcruntime:undname.obj
 0001:00017497       ??HDName@@QBE?AV0@PBD@Z    10018497 f   libvcruntime:undname.obj
 0001:000174b9       ??HDName@@QBE?AV0@W4DNameStatus@@@Z 100184b9 f   libvcruntime:undname.obj
 0001:000174db       ??YDName@@QAEAAV0@ABV0@@Z  100184db f   libvcruntime:undname.obj
 0001:0001751e       ??YDName@@QAEAAV0@D@Z      1001851e f   libvcruntime:undname.obj
 0001:0001756e       ??YDName@@QAEAAV0@PAV0@@Z  1001856e f   libvcruntime:undname.obj
 0001:000175d3       ??YDName@@QAEAAV0@PBD@Z    100185d3 f   libvcruntime:undname.obj
 0001:00017634       ??YDName@@QAEAAV0@W4DNameStatus@@@Z 10018634 f   libvcruntime:undname.obj
 0001:00017674       ??YReplicator@@QAEAAV0@ABVDName@@@Z 10018674 f   libvcruntime:undname.obj
 0001:000176be       ??_5DName@@QAEAAV0@ABV0@@Z 100186be f   libvcruntime:undname.obj
 0001:000176da       ?Constructor@_HeapManager@@QAEXP6APAXI@ZP6AXPAX@Z@Z 100186da f i libvcruntime:undname.obj
 0001:000176f7       ?Destructor@_HeapManager@@QAEXXZ 100186f7 f i libvcruntime:undname.obj
 0001:00017730       ?UScore@UnDecorator@@SAPBDW4Tokens@@@Z 10018730 f   libvcruntime:undname.obj
 0001:0001774d       ?append@DName@@AAEXPAVDNameNode@@@Z 1001874d f   libvcruntime:undname.obj
 0001:00017793       ?composeDeclaration@UnDecorator@@CA?AVDName@@ABV2@@Z 10018793 f i libvcruntime:undname.obj
 0001:0001848f       ?doAccessSpecifiers@UnDecorator@@SAHXZ 1001948f f i libvcruntime:undname.obj
 0001:0001849d       ?doAllocationLanguage@UnDecorator@@SAHXZ 1001949d f i libvcruntime:undname.obj
 0001:000184ab       ?doAllocationModel@UnDecorator@@SAHXZ 100194ab f i libvcruntime:undname.obj
 0001:000184b9       ?doEcsu@UnDecorator@@SAHXZ 100194b9 f i libvcruntime:undname.obj
 0001:000184c7       ?doEllipsis@UnDecorator@@SAHXZ 100194c7 f i libvcruntime:undname.obj
 0001:000184d5       ?doFunctionReturns@UnDecorator@@SAHXZ 100194d5 f i libvcruntime:undname.obj
 0001:000184e3       ?doMSKeywords@UnDecorator@@SAHXZ 100194e3 f i libvcruntime:undname.obj
 0001:000184f0       ?doMemberTypes@UnDecorator@@SAHXZ 100194f0 f i libvcruntime:undname.obj
 0001:000184fe       ?doNameOnly@UnDecorator@@SAHXZ 100194fe f i libvcruntime:undname.obj
 0001:00018509       ?doNoIdentCharCheck@UnDecorator@@SAHXZ 10019509 f i libvcruntime:undname.obj
 0001:00018514       ?doPchar@DName@@AAEXPBDH@Z 10019514 f   libvcruntime:undname.obj
 0001:0001859e       ?doPtr64@UnDecorator@@SAHXZ 1001959e f i libvcruntime:undname.obj
 0001:000185ac       ?doRestrictionSpec@UnDecorator@@SAHXZ 100195ac f i libvcruntime:undname.obj
 0001:000185ba       ?doThisTypes@UnDecorator@@SAHXZ 100195ba f i libvcruntime:undname.obj
 0001:000185cc       ?doThrowTypes@UnDecorator@@SAHXZ 100195cc f i libvcruntime:undname.obj
 0001:000185da       ?doTypeOnly@UnDecorator@@SAHXZ 100195da f i libvcruntime:undname.obj
 0001:000185e5       ?doUnderScore@UnDecorator@@SAHXZ 100195e5 f i libvcruntime:undname.obj
 0001:000185f0       ?getArgumentList@UnDecorator@@CA?AVDName@@XZ 100195f0 f   libvcruntime:undname.obj
 0001:000186fc       ?getArgumentTypes@UnDecorator@@CA?AVDName@@XZ 100196fc f   libvcruntime:undname.obj
 0001:000187dc       ?getArrayType@UnDecorator@@CA?AVDName@@ABV2@@Z 100197dc f i libvcruntime:undname.obj
 0001:000189de       ?getBasedType@UnDecorator@@CA?AVDName@@XZ 100199de f   libvcruntime:undname.obj
 0001:00018a77       ?getBasicDataType@UnDecorator@@CA?AVDName@@ABV2@@Z 10019a77 f   libvcruntime:undname.obj
 0001:00018e66       ?getCallIndex@UnDecorator@@CA?AVDName@@XZ 10019e66 f i libvcruntime:undname.obj
 0001:00018e7a       ?getCallingConvention@UnDecorator@@CA?AVDName@@XZ 10019e7a f   libvcruntime:undname.obj
 0001:00018f39       ?getDataIndirectType@UnDecorator@@CA?AVDName@@ABV2@PBD0H@Z 10019f39 f   libvcruntime:undname.obj
 0001:0001955c       ?getDataIndirectType@UnDecorator@@CA?AVDName@@XZ 1001a55c f i libvcruntime:undname.obj
 0001:00019595       ?getDataType@UnDecorator@@CA?AVDName@@PAV2@@Z 1001a595 f   libvcruntime:undname.obj
 0001:00019667       ?getDecoratedName@UnDecorator@@CA?AVDName@@XZ 1001a667 f   libvcruntime:undname.obj
 0001:000198b3       ?getDimension@UnDecorator@@CA?AVDName@@_N@Z 1001a8b3 f   libvcruntime:undname.obj
 0001:000199ea       ?getDispatchTarget@UnDecorator@@CA?AVDName@@XZ 1001a9ea f   libvcruntime:undname.obj
 0001:00019a45       ?getDisplacement@UnDecorator@@CA?AVDName@@XZ 1001aa45 f i libvcruntime:undname.obj
 0001:00019a59       ?getECSUDataType@UnDecorator@@CA?AVDName@@XZ 1001aa59 f   libvcruntime:undname.obj
 0001:00019b76       ?getECSUName@UnDecorator@@CA?AVDName@@XZ 1001ab76 f i libvcruntime:undname.obj
 0001:00019b87       ?getEnumType@UnDecorator@@CA?AVDName@@XZ 1001ab87 f i libvcruntime:undname.obj
 0001:00019c73       ?getExtendedDataIndirectType@UnDecorator@@CA?AVDName@@AAPBDAA_NH@Z 1001ac73 f   libvcruntime:undname.obj
 0001:00019e1c       ?getExternalDataType@UnDecorator@@CA?AVDName@@ABV2@@Z 1001ae1c f i libvcruntime:undname.obj
 0001:00019e95       ?getFunctionIndirectType@UnDecorator@@CA?AVDName@@ABV2@@Z 1001ae95 f   libvcruntime:undname.obj
 0001:0001a29e       ?getGuardNumber@UnDecorator@@CA?AVDName@@XZ 1001b29e f i libvcruntime:undname.obj
 0001:0001a2b2       ?getLastChar@DName@@QBEDXZ 1001b2b2 f i libvcruntime:undname.obj
 0001:0001a2d1       ?getLastChar@DNameStatusNode@@UBEDXZ 1001b2d1 f i libvcruntime:undname.obj
 0001:0001a2dd       ?getLastChar@charNode@@UBEDXZ 1001b2dd f i libvcruntime:undname.obj
 0001:0001a2e1       ?getLastChar@pDNameNode@@UBEDXZ 1001b2e1 f i libvcruntime:undname.obj
 0001:0001a2ef       ?getLastChar@pairNode@@UBEDXZ 1001b2ef f i libvcruntime:undname.obj
 0001:0001a322       ?getLastChar@pcharNode@@UBEDXZ 1001b322 f i libvcruntime:undname.obj
 0001:0001a334       ?getLexicalFrame@UnDecorator@@CA?AVDName@@XZ 1001b334 f i libvcruntime:undname.obj
 0001:0001a371       ?getMemory@_HeapManager@@QAEPAXIH@Z 1001b371 f   libvcruntime:undname.obj
 0001:0001a3ff       ?getNumberOfDimensions@UnDecorator@@CAHXZ 1001b3ff f   libvcruntime:undname.obj
 0001:0001a460       ?getOperatorName@UnDecorator@@CA?AVDName@@_NPA_N@Z 1001b460 f i libvcruntime:undname.obj
 0001:0001aa87       ?getPointerType@UnDecorator@@CA?AVDName@@ABV2@0@Z 1001ba87 f i libvcruntime:undname.obj
 0001:0001aaa5       ?getPointerTypeArray@UnDecorator@@CA?AVDName@@ABV2@0@Z 1001baa5 f i libvcruntime:undname.obj
 0001:0001aac3       ?getPrimaryDataType@UnDecorator@@CA?AVDName@@ABV2@@Z 1001bac3 f   libvcruntime:undname.obj
 0001:0001acb7       ?getPtrRefDataType@UnDecorator@@CA?AVDName@@ABV2@H@Z 1001bcb7 f   libvcruntime:undname.obj
 0001:0001adb9       ?getPtrRefType@UnDecorator@@CA?AVDName@@ABV2@0PBD@Z 1001bdb9 f   libvcruntime:undname.obj
 0001:0001aeb5       ?getReferenceType@UnDecorator@@CA?AVDName@@ABV2@0PBD@Z 1001beb5 f i libvcruntime:undname.obj
 0001:0001aed1       ?getRestrictionSpec@UnDecorator@@CA?AVDName@@XZ 1001bed1 f   libvcruntime:undname.obj
 0001:0001afc3       ?getReturnType@UnDecorator@@CA?AVDName@@PAV2@@Z 1001bfc3 f   libvcruntime:undname.obj
 0001:0001aff2       ?getScope@UnDecorator@@CA?AVDName@@XZ 1001bff2 f   libvcruntime:undname.obj
 0001:0001b3d0       ?getScopedName@UnDecorator@@CA?AVDName@@XZ 1001c3d0 f   libvcruntime:undname.obj
 0001:0001b4cb       ?getSignedDimension@UnDecorator@@CA?AVDName@@XZ 1001c4cb f   libvcruntime:undname.obj
 0001:0001b51e       ?getStorageConvention@UnDecorator@@CA?AVDName@@XZ 1001c51e f i libvcruntime:undname.obj
 0001:0001b52f       ?getString@DName@@QBEPADPAD0@Z 1001c52f f i libvcruntime:undname.obj
 0001:0001b55b       ?getString@DName@@QBEPADPADH@Z 1001c55b f i libvcruntime:undname.obj
 0001:0001b5b1       ?getString@DNameStatusNode@@UBEPADPAD0@Z 1001c5b1 f i libvcruntime:undname.obj
 0001:0001b5d8       ?getString@charNode@@UBEPADPAD0@Z 1001c5d8 f i libvcruntime:undname.obj
 0001:0001b5ed       ?getString@pDNameNode@@UBEPADPAD0@Z 1001c5ed f i libvcruntime:undname.obj
 0001:0001b604       ?getString@pairNode@@UBEPADPAD0@Z 1001c604 f i libvcruntime:undname.obj
 0001:0001b648       ?getString@pcharNode@@UBEPADPAD0@Z 1001c648 f i libvcruntime:undname.obj
 0001:0001b663       ?getStringEncoding@UnDecorator@@CA?AVDName@@PADH@Z 1001c663 f   libvcruntime:undname.obj
 0001:0001b706       ?getStringHelper@@YAPADPAD00H@Z 1001c706 f i libvcruntime:undname.obj
 0001:0001b73d       ?getSymbolName@UnDecorator@@CA?AVDName@@XZ 1001c73d f i libvcruntime:undname.obj
 0001:0001b785       ?getTemplateArgumentList@UnDecorator@@CA?AVDName@@XZ 1001c785 f   libvcruntime:undname.obj
 0001:0001ba29       ?getTemplateConstant@UnDecorator@@CA?AVDName@@XZ 1001ca29 f   libvcruntime:undname.obj
 0001:0001bd6d       ?getTemplateName@UnDecorator@@CA?AVDName@@_N@Z 1001cd6d f   libvcruntime:undname.obj
 0001:0001bec3       ?getThisType@UnDecorator@@CA?AVDName@@XZ 1001cec3 f i libvcruntime:undname.obj
 0001:0001befd       ?getThrowTypes@UnDecorator@@CA?AVDName@@XZ 1001cefd f   libvcruntime:undname.obj
 0001:0001bf87       ?getTypeEncoding@UnDecorator@@CAHXZ 1001cf87 f i libvcruntime:undname.obj
 0001:0001c2b7       ?getVCallThunkType@UnDecorator@@CA?AVDName@@XZ 1001d2b7 f i libvcruntime:undname.obj
 0001:0001c2f2       ?getVbTableType@UnDecorator@@CA?AVDName@@ABV2@@Z 1001d2f2 f i libvcruntime:undname.obj
 0001:0001c307       ?getVdispMapType@UnDecorator@@CA?AVDName@@ABV2@@Z 1001d307 f i libvcruntime:undname.obj
 0001:0001c35d       ?getVfTableType@UnDecorator@@CA?AVDName@@ABV2@@Z 1001d35d f i libvcruntime:undname.obj
 0001:0001c4c2       ?getZName@UnDecorator@@CA?AVDName@@_N0@Z 1001d4c2 f   libvcruntime:undname.obj
 0001:0001c702       ?haveTemplateParameters@UnDecorator@@SAHXZ 1001d702 f i libvcruntime:undname.obj
 0001:0001c70d       ?isArray@DName@@QBEHXZ     1001d70d f i libvcruntime:undname.obj
 0001:0001c717       ?isComArray@DName@@QBEHXZ  1001d717 f i libvcruntime:undname.obj
 0001:0001c721       ?isEmpty@DName@@QBEHXZ     1001d721 f i libvcruntime:undname.obj
 0001:0001c729       ?isFull@Replicator@@QBEHXZ 1001d729 f i libvcruntime:undname.obj
 0001:0001c732       ?isNoTE@DName@@QBEHXZ      1001d732 f i libvcruntime:undname.obj
 0001:0001c73c       ?isPinPtr@DName@@QBEHXZ    1001d73c f i libvcruntime:undname.obj
 0001:0001c746       ?isPtrRef@DName@@QBEHXZ    1001d746 f i libvcruntime:undname.obj
 0001:0001c750       ?isUDC@DName@@QBEHXZ       1001d750 f i libvcruntime:undname.obj
 0001:0001c761       ?isUDTThunk@DName@@QBEHXZ  1001d761 f i libvcruntime:undname.obj
 0001:0001c772       ?isVCallThunk@DName@@QBEHXZ 1001d772 f i libvcruntime:undname.obj
 0001:0001c77c       ?isValid@DName@@QBEHXZ     1001d77c f i libvcruntime:undname.obj
 0001:0001c786       ?length@DName@@QBEHXZ      1001d786 f i libvcruntime:undname.obj
 0001:0001c7a4       ?length@DNameStatusNode@@UBEHXZ 1001d7a4 f i libvcruntime:undname.obj
 0001:0001c7a8       ?length@charNode@@UBEHXZ   1001d7a8 f i libvcruntime:undname.obj
 0001:0001c7ac       ?length@pDNameNode@@UBEHXZ 1001d7ac f i libvcruntime:undname.obj
 0001:0001c7ba       ?length@pairNode@@UBEHXZ   1001d7ba f i libvcruntime:undname.obj
 0001:0001c804       ?length@pcharNode@@UBEHXZ  1001d804 f i libvcruntime:undname.obj
 0001:0001c808       ?make@DNameStatusNode@@SAPAV1@W4DNameStatus@@@Z 1001d808 f i libvcruntime:undname.obj
 0001:0001c88e       ?setIsArray@DName@@QAEXXZ  1001d88e f i libvcruntime:undname.obj
 0001:0001c896       ?setIsComArray@DName@@QAEXXZ 1001d896 f i libvcruntime:undname.obj
 0001:0001c89e       ?setIsNoTE@DName@@QAEXXZ   1001d89e f i libvcruntime:undname.obj
 0001:0001c8a6       ?setIsPinPtr@DName@@QAEXXZ 1001d8a6 f i libvcruntime:undname.obj
 0001:0001c8ae       ?setIsUDC@DName@@QAEXXZ    1001d8ae f i libvcruntime:undname.obj
 0001:0001c8bb       ?setIsVCallThunk@DName@@QAEXXZ 1001d8bb f i libvcruntime:undname.obj
 0001:0001c8c3       ?setPtrRef@DName@@QAEAAV1@XZ 1001d8c3 f i libvcruntime:undname.obj
 0001:0001c8cd       ?status@DName@@QBE?AW4DNameStatus@@XZ 1001d8cd f i libvcruntime:undname.obj
 0001:0001c939       ___unDName                 1001d939 f   libvcruntime:undname.obj
 0001:0001c9ce       ___unDNameEx               1001d9ce f   libvcruntime:undname.obj
 0001:0001ca63       __vsprintf_s_l             1001da63 f i libvcruntime:undname.obj
 0001:0001ca90       _sprintf_s                 1001da90 f i libvcruntime:undname.obj
 0001:0001cab0       __global_unwind2           1001dab0 f   libvcruntime:_exsup_.obj
 0001:0001cb15       __local_unwind2            1001db15 f   libvcruntime:_exsup_.obj
 0001:0001cb99       __abnormal_termination     1001db99 f   libvcruntime:_exsup_.obj
 0001:0001cbbc       __NLG_Notify1              1001dbbc f   libvcruntime:_exsup_.obj
 0001:0001cbc5       __NLG_Notify               1001dbc5 f   libvcruntime:_exsup_.obj
 0001:0001cbdc       __NLG_Dispatch             1001dbdc     libvcruntime:_exsup_.obj
 0001:0001cbdc       __NLG_Dispatch2            1001dbdc     libvcruntime:_exsup_.obj
 0001:0001cbe4       __NLG_Call                 1001dbe4 f   libvcruntime:_exsup_.obj
 0001:0001cbe6       __NLG_Return2              1001dbe6     libvcruntime:_exsup_.obj
 0001:0001cbe7       ??$__crt_fast_decode_pointer@P6AXXZ@@YAP6AXXZQ6AXXZ@Z 1001dbe7 f i libvcruntime:purevirt.obj
 0001:0001cbfb       ??$__crt_interlocked_compare_exchange_pointer@$$A6AXXZ$$T$$T@@YAP6AXXZPDS6AXXZ$$T1@Z 1001dbfb f i libvcruntime:purevirt.obj
 0001:0001cc0d       ??$__crt_interlocked_exchange_pointer@$$A6AXXZP6AXXZ@@YAP6AXXZPDS6AXXZQ6AXXZ@Z 1001dc0d f i libvcruntime:purevirt.obj
 0001:0001cc1a       ??$__crt_interlocked_read_pointer@$$A6AXXZ@@YAP6AXXZPDS6AXXZ@Z 1001dc1a f i libvcruntime:purevirt.obj
 0001:0001cc2a       __get_purecall_handler     1001dc2a f   libvcruntime:purevirt.obj
 0001:0001cc49       __purecall                 1001dc49 f   libvcruntime:purevirt.obj
 0001:0001cc64       __set_purecall_handler     1001dc64 f   libvcruntime:purevirt.obj
 0001:0001cc90       _cos                       1001dc90 f   libucrt:cos.obj
 0001:0001ccd0       __CIcos                    1001dcd0 f   libucrt:cos.obj
 0001:0001cd0b       __CIcos_default            1001dd0b f   libucrt:cos.obj
 0001:0001cd1f       __cos_default              1001dd1f     libucrt:cos.obj
 0001:0001cdc0       _sin                       1001ddc0 f   libucrt:sin.obj
 0001:0001ce00       __CIsin                    1001de00 f   libucrt:sin.obj
 0001:0001ce3b       __CIsin_default            1001de3b f   libucrt:sin.obj
 0001:0001ce4f       __sin_default              1001de4f     libucrt:sin.obj
 0001:0001cef0       __CIsqrt                   1001def0 f   libucrt:sqrt.obj
 0001:0001cf04       _sqrt                      1001df04     libucrt:sqrt.obj
 0001:0001cfaa       ??$?RV<lambda_8ccdbc1844700f1d8a5bf6490d3eb6ce>@@AAV<lambda_61d677f73751bd412abcbcd096bd0cc8>@@V<lambda_9cd2faef5ba6c34f9de47eb89f6a8f7d>@@@?$__crt_seh_guarded_call@H@@QAEH$$QAV<lambda_8ccdbc1844700f1d8a5bf6490d3eb6ce>@@AAV<lambda_61d677f73751bd412abcbcd096bd0cc8>@@$$QAV<lambda_9cd2faef5ba6c34f9de47eb89f6a8f7d>@@@Z 1001dfaa f i libucrt:stat.obj
 0001:0001cffb       ??$?RV<lambda_bf4ce8d6eac6cdb24e4c65264050668e>@@AAV<lambda_9f7c74da3c880c1c93b7275d920bab7e>@@V<lambda_84f15e24e86154a21a10ef76214bd4c8>@@@?$__crt_seh_guarded_call@H@@QAEH$$QAV<lambda_bf4ce8d6eac6cdb24e4c65264050668e>@@AAV<lambda_9f7c74da3c880c1c93b7275d920bab7e>@@$$QAV<lambda_84f15e24e86154a21a10ef76214bd4c8>@@@Z 1001dffb f i libucrt:stat.obj
 0001:0001d04c       ??$?RV<lambda_da1648f3b0d77520e8adb6dab25a3295>@@AAV<lambda_5ee6b3739f556543202bdd7af6582283>@@V<lambda_2fa10eeb47e5a7ea6e179e658eac088f>@@@?$__crt_seh_guarded_call@H@@QAEH$$QAV<lambda_da1648f3b0d77520e8adb6dab25a3295>@@AAV<lambda_5ee6b3739f556543202bdd7af6582283>@@$$QAV<lambda_2fa10eeb47e5a7ea6e179e658eac088f>@@@Z 1001e04c f i libucrt:stat.obj
 0001:0001d09d       ??$?RV<lambda_debaefc9ace9acb854b52e906390d8f2>@@AAV<lambda_486a12472b28fefc2d6f55fe6da44c16>@@V<lambda_be5540c16d997d1f8327bcbdaff8d9a1>@@@?$__crt_seh_guarded_call@H@@QAEH$$QAV<lambda_debaefc9ace9acb854b52e906390d8f2>@@AAV<lambda_486a12472b28fefc2d6f55fe6da44c16>@@$$QAV<lambda_be5540c16d997d1f8327bcbdaff8d9a1>@@@Z 1001e09d f i libucrt:stat.obj
 0001:0001d0ee       ??$?R_W@__crt_internal_free_policy@@QBEXQB_W@Z 1001e0ee f i libucrt:stat.obj
 0001:0001d100       ??$?R_W@__crt_public_free_policy@@QBEXQB_W@Z 1001e100 f i libucrt:stat.obj
 0001:0001d112       ??$__acrt_lowio_lock_fh_and_call@V<lambda_486a12472b28fefc2d6f55fe6da44c16>@@@@YAHH$$QAV<lambda_486a12472b28fefc2d6f55fe6da44c16>@@@Z 1001e112 f i libucrt:stat.obj
 0001:0001d13a       ??$__acrt_lowio_lock_fh_and_call@V<lambda_5ee6b3739f556543202bdd7af6582283>@@@@YAHH$$QAV<lambda_5ee6b3739f556543202bdd7af6582283>@@@Z 1001e13a f i libucrt:stat.obj
 0001:0001d162       ??$__acrt_lowio_lock_fh_and_call@V<lambda_61d677f73751bd412abcbcd096bd0cc8>@@@@YAHH$$QAV<lambda_61d677f73751bd412abcbcd096bd0cc8>@@@Z 1001e162 f i libucrt:stat.obj
 0001:0001d18a       ??$__acrt_lowio_lock_fh_and_call@V<lambda_9f7c74da3c880c1c93b7275d920bab7e>@@@@YAHH$$QAV<lambda_9f7c74da3c880c1c93b7275d920bab7e>@@@Z 1001e18a f i libucrt:stat.obj
 0001:0001e448       ??$loctotime@AAGAAGAAGAAGAAGAAGH@?$__crt_integer_traits@J@@SAJAAG00000$$QAH@Z 1001f448 f i libucrt:stat.obj
 0001:0001e486       ??$loctotime@AAGAAGAAGAAGAAGAAGH@?$__crt_integer_traits@_J@@SA_JAAG00000$$QAH@Z 1001f486 f i libucrt:stat.obj
 0001:0001e4c4       ??$loctotime@HHHHHHH@?$__crt_integer_traits@J@@SAJ$$QAH000000@Z 1001f4c4 f i libucrt:stat.obj
 0001:0001e4f6       ??$loctotime@HHHHHHH@?$__crt_integer_traits@_J@@SA_J$$QAH000000@Z 1001f4f6 f i libucrt:stat.obj
 0001:0001e610       ??0?$__crt_unique_handle_t@U__crt_handle_traits@@@@QAE@QAX@Z 1001f610 f i libucrt:stat.obj
 0001:0001e620       ??0?$__crt_unique_heap_ptr@_WU__crt_internal_free_policy@@@@QAE@QA_W@Z 1001f620 f i libucrt:stat.obj
 0001:0001e630       ??0?$__crt_unique_heap_ptr@_WU__crt_public_free_policy@@@@QAE@QA_W@Z 1001f630 f i libucrt:stat.obj
 0001:0001e640       ??1?$__crt_unique_handle_t@U__crt_handle_traits@@@@QAE@XZ 1001f640 f i libucrt:stat.obj
 0001:0001e657       ??1?$__crt_unique_heap_ptr@_WU__crt_internal_free_policy@@@@QAE@XZ 1001f657 f i libucrt:stat.obj
 0001:0001e669       ??1?$__crt_unique_heap_ptr@_WU__crt_public_free_policy@@@@QAE@XZ 1001f669 f i libucrt:stat.obj
 0001:0001e67b       ??B?$__crt_unique_handle_t@U__crt_handle_traits@@@@QBE_NXZ 1001f67b f i libucrt:stat.obj
 0001:0001e913       ?close@?$__crt_unique_handle_t@U__crt_handle_traits@@@@QAEXXZ 1001f913 f i libucrt:stat.obj
 0001:0001e92a       ?close@__crt_handle_traits@@SA_NPAX@Z 1001f92a f i libucrt:stat.obj
 0001:0001ea18       ?get@?$__crt_unique_handle_t@U__crt_handle_traits@@@@QBEPAXXZ 1001fa18 f i libucrt:stat.obj
 0001:0001ea1b       ?get@?$__crt_unique_heap_ptr@_WU__crt_internal_free_policy@@@@QBEPA_WXZ 1001fa1b f i libucrt:stat.obj
 0001:0001ea1e       ?get_address_of@?$__crt_unique_heap_ptr@_WU__crt_internal_free_policy@@@@QAEPAPA_WXZ 1001fa1e f i libucrt:stat.obj
 0001:0001ea21       ?get_address_of@?$__crt_unique_heap_ptr@_WU__crt_public_free_policy@@@@QAEPAPA_WXZ 1001fa21 f i libucrt:stat.obj
 0001:0001ea91       ?get_invalid_value@__crt_handle_traits@@SAPAXXZ 1001fa91 f i libucrt:stat.obj
 0001:0001ece8       ?is_valid@?$__crt_unique_handle_t@U__crt_handle_traits@@@@QBE_NXZ 1001fce8 f i libucrt:stat.obj
 0001:0001ecf1       ?release@?$__crt_unique_heap_ptr@_WU__crt_internal_free_policy@@@@QAEXXZ 1001fcf1 f i libucrt:stat.obj
 0001:0001ed03       ?release@?$__crt_unique_heap_ptr@_WU__crt_public_free_policy@@@@QAEXXZ 1001fd03 f i libucrt:stat.obj
 0001:0001ed15       __fstat32                  1001fd15 f   libucrt:stat.obj
 0001:0001ed20       __fstat32i64               1001fd20 f   libucrt:stat.obj
 0001:0001ed2b       __fstat64                  1001fd2b f   libucrt:stat.obj
 0001:0001ed36       __fstat64i32               1001fd36 f   libucrt:stat.obj
 0001:0001ed41       __stat32                   1001fd41 f   libucrt:stat.obj
 0001:0001eda1       __stat32i64                1001fda1 f   libucrt:stat.obj
 0001:0001ee01       __stat64                   1001fe01 f   libucrt:stat.obj
 0001:0001ee61       __stat64i32                1001fe61 f   libucrt:stat.obj
 0001:0001eec1       __wstat32                  1001fec1 f   libucrt:stat.obj
 0001:0001eecc       __wstat32i64               1001fecc f   libucrt:stat.obj
 0001:0001eed7       __wstat64                  1001fed7 f   libucrt:stat.obj
 0001:0001eee2       __wstat64i32               1001fee2 f   libucrt:stat.obj
 0001:0001eeed       ?dangerous_get_state_array@?$dual_state_global@PAPAD@__crt_state_management@@QAEPAPAPADXZ 1001feed f i libucrt:timeset.obj
 0001:0001eef0       ?get_current_state_index@__crt_state_management@@YAIXZ 1001fef0 f i libucrt:timeset.obj
 0001:0001eef3       ?initialize@?$dual_state_global@H@__crt_state_management@@QAEXH@Z 1001fef3 f i libucrt:timeset.obj
 0001:0001ef24       ?initialize@?$dual_state_global@J@__crt_state_management@@QAEXJ@Z 1001ff24 f i libucrt:timeset.obj
 0001:0001ef55       ?value@?$dual_state_global@H@__crt_state_management@@QAEAAHXZ 1001ff55 f i libucrt:timeset.obj
 0001:0001ef58       ?value@?$dual_state_global@J@__crt_state_management@@QAEAAJXZ 1001ff58 f i libucrt:timeset.obj
 0001:0001ef5b       ?value@?$dual_state_global@PAPAD@__crt_state_management@@QAEAAPAPADXZ 1001ff5b f i libucrt:timeset.obj
 0001:0001ef5e       ___acrt_initialize_timeset 1001ff5e f   libucrt:timeset.obj
 0001:0001ef95       ___daylight                1001ff95 f   libucrt:timeset.obj
 0001:0001ef9b       ___dstbias                 1001ff9b f   libucrt:timeset.obj
 0001:0001efa1       ___timezone                1001ffa1 f   libucrt:timeset.obj
 0001:0001efa7       ___tzname                  1001ffa7 f   libucrt:timeset.obj
 0001:0001efad       __get_daylight             1001ffad f   libucrt:timeset.obj
 0001:0001efd9       __get_dstbias              1001ffd9 f   libucrt:timeset.obj
 0001:0001f005       __get_timezone             10020005 f   libucrt:timeset.obj
 0001:0001f031       __get_tzname               10020031 f   libucrt:timeset.obj
 0001:0001f0e4       ??$__crt_interlocked_read@J@@YAJPDJ@Z 100200e4 f i libucrt:tzset.obj
 0001:0001f0f0       ??$__crt_time_elapsed_leap_years@H@@YAHH@Z 100200f0 f i libucrt:tzset.obj
 0001:0001f12a       ??$__crt_time_is_leap_year@H@@YA_NH@Z 1002012a f i libucrt:tzset.obj
 0001:0001f16b       ?__crt_interlocked_read_32@@YAHPDH@Z 1002016b f i libucrt:tzset.obj
 0001:0001f35e       ?_set_daylight@@YAXH@Z     1002035e f i libucrt:tzset.obj
 0001:0001f36f       ?_set_dstbias@@YAXJ@Z      1002036f f i libucrt:tzset.obj
 0001:0001f380       ?_set_timezone@@YAXJ@Z     10020380 f i libucrt:tzset.obj
 0001:0001f4e1       ?detach@?$__crt_unique_heap_ptr@DU__crt_internal_free_policy@@@@QAEPADXZ 100204e1 f i libucrt:tzset.obj
 0001:0001f967       ___tzset                   10020967 f   libucrt:tzset.obj
 0001:0001f9b8       __invoke_watson_if_error   100209b8 f i libucrt:tzset.obj
 0001:0001f9da       __isindst                  100209da f   libucrt:tzset.obj
 0001:0001fa24       __tzset                    10020a24 f   libucrt:tzset.obj
 0001:0001fa5c       ??$?B$$A6GXPAXK0@Z@__crt_fast_encoded_nullptr_t@@QBEP6GXPAXK0@ZXZ 10020a5c f i libucrt:exit.obj
 0001:0001fa74       ??$__crt_fast_decode_pointer@P6GXPAXK0@Z@@YAP6GXPAXK0@ZQ6GX0K0@Z@Z 10020a74 f i libucrt:exit.obj
 0001:0001fa8a       ??$__crt_fast_encode_pointer@P6GXPAXK0@Z@@YAP6GXPAXK0@ZQ6GX0K0@Z@Z 10020a8a f i libucrt:exit.obj
 0001:0001faa9       ??$__crt_get_proc_address@P6GXI@Z@@YAP6GXI@ZQAUHINSTANCE__@@QBD@Z 10020aa9 f i libucrt:exit.obj
 0001:0001fabc       ??0?$__crt_unique_handle_t@U__crt_hmodule_traits@@@@QAE@QAUHINSTANCE__@@@Z 10020abc f i libucrt:exit.obj
 0001:0001facc       ??1?$__crt_unique_handle_t@U__crt_hmodule_traits@@@@QAE@XZ 10020acc f i libucrt:exit.obj
 0001:0001faf6       ?close@?$__crt_unique_handle_t@U__crt_hmodule_traits@@@@QAEXXZ 10020af6 f i libucrt:exit.obj
 0001:0001fb0d       ?close@__crt_hmodule_traits@@SA_NPAUHINSTANCE__@@@Z 10020b0d f i libucrt:exit.obj
 0001:0001fc7d       ?get@?$__crt_unique_handle_t@U__crt_hmodule_traits@@@@QBEPAUHINSTANCE__@@XZ 10020c7d f i libucrt:exit.obj
 0001:0001fc80       ?get_address_of@?$__crt_unique_handle_t@U__crt_hmodule_traits@@@@QAEPAPAUHINSTANCE__@@XZ 10020c80 f i libucrt:exit.obj
 0001:0001fc83       ?get_invalid_value@__crt_hmodule_traits@@SAPAUHINSTANCE__@@XZ 10020c83 f i libucrt:exit.obj
 0001:0001fd4f       __Exit                     10020d4f f   libucrt:exit.obj
 0001:0001fd65       ___acrt_initialize_thread_local_exit_callback 10020d65 f   libucrt:exit.obj
 0001:0001fd74       __c_exit                   10020d74 f   libucrt:exit.obj
 0001:0001fd83       __cexit                    10020d83 f   libucrt:exit.obj
 0001:0001fd92       __exit                     10020d92 f   libucrt:exit.obj
 0001:0001fda8       __is_c_termination_complete 10020da8 f   libucrt:exit.obj
 0001:0001fdae       __register_thread_local_exe_atexit_callback 10020dae f   libucrt:exit.obj
 0001:0001fde6       _exit                      10020de6 f   libucrt:exit.obj
 0001:0001fdfc       _quick_exit                10020dfc f   libucrt:exit.obj
 0001:0002041d       ??$get_or_create_environment_nolock@$$$V@?$__crt_char_traits@D@@SAPAPADXZ 1002141d f i libucrt:getenv.obj
 0001:00020422       ??$get_or_create_environment_nolock@$$$V@?$__crt_char_traits@_W@@SAPAPA_WXZ 10021422 f i libucrt:getenv.obj
 0001:00020427       ??$tcscpy_s@AAPADABIABQBD@?$__crt_char_traits@D@@SAHAAPADABIABQBD@Z 10021427 f i libucrt:getenv.obj
 0001:00020445       ??$tcscpy_s@AAPA_WABIABQB_W@?$__crt_char_traits@_W@@SAHAAPA_WABIABQB_W@Z 10021445 f i libucrt:getenv.obj
 0001:00020463       ??$tcscpy_s@ABQADABIABQBD@?$__crt_char_traits@D@@SAHABQADABIABQBD@Z 10021463 f i libucrt:getenv.obj
 0001:00020481       ??$tcscpy_s@ABQA_WABIABQB_W@?$__crt_char_traits@_W@@SAHABQA_WABIABQB_W@Z 10021481 f i libucrt:getenv.obj
 0001:0002049f       ??$tcslen@AAPAD@?$__crt_char_traits@D@@SAIAAPAD@Z 1002149f f i libucrt:getenv.obj
 0001:000204b7       ??$tcslen@AAPA_W@?$__crt_char_traits@_W@@SAIAAPA_W@Z 100214b7 f i libucrt:getenv.obj
 0001:000204d5       ??$tcslen@ABQBD@?$__crt_char_traits@D@@SAIABQBD@Z 100214d5 f i libucrt:getenv.obj
 0001:000204ed       ??$tcslen@ABQB_W@?$__crt_char_traits@_W@@SAIABQB_W@Z 100214ed f i libucrt:getenv.obj
 0001:0002050b       ??$tcsnicoll@AAPADABQBDABI@?$__crt_char_traits@D@@SAHAAPADABQBDABI@Z 1002150b f i libucrt:getenv.obj
 0001:00020529       ??$tcsnicoll@AAPA_WABQB_WABI@?$__crt_char_traits@_W@@SAHAAPA_WABQB_WABI@Z 10021529 f i libucrt:getenv.obj
 0001:00020547       ??$tcsnlen@ABQBDH@?$__crt_char_traits@D@@SAIABQBD$$QAH@Z 10021547 f i libucrt:getenv.obj
 0001:0002055f       ??$tcsnlen@ABQB_WH@?$__crt_char_traits@_W@@SAIABQB_W$$QAH@Z 1002155f f i libucrt:getenv.obj
 0001:00020577       __dupenv_s                 10021577 f   libucrt:getenv.obj
 0001:00020595       __wdupenv_s                10021595 f   libucrt:getenv.obj
 0001:000205b3       __wgetenv                  100215b3 f   libucrt:getenv.obj
 0001:000205be       __wgetenv_s                100215be f   libucrt:getenv.obj
 0001:000205c9       _getenv                    100215c9 f   libucrt:getenv.obj
 0001:000205d4       _getenv_s                  100215d4 f   libucrt:getenv.obj
 0001:000205df       ??$?RPAU__crt_stdio_stream_data@@@__crt_internal_free_policy@@QBEXQBQAU__crt_stdio_stream_data@@@Z 100215df f i libucrt:_file.obj
 0001:000205f1       ??0?$__crt_unique_heap_ptr@PAU__crt_stdio_stream_data@@U__crt_internal_free_policy@@@@QAE@QAPAU__crt_stdio_stream_data@@@Z 100215f1 f i libucrt:_file.obj
 0001:00020601       ??0__crt_stdio_stream@@QAE@QAU_iobuf@@@Z 10021601 f i libucrt:_file.obj
 0001:00020611       ??1?$__crt_unique_heap_ptr@PAU__crt_stdio_stream_data@@U__crt_internal_free_policy@@@@QAE@XZ 10021611 f i libucrt:_file.obj
 0001:00020623       ??C__crt_stdio_stream@@QBEPAU__crt_stdio_stream_data@@XZ 10021623 f i libucrt:_file.obj
 0001:00020626       ?detach@?$__crt_unique_heap_ptr@PAU__crt_stdio_stream_data@@U__crt_internal_free_policy@@@@QAEPAPAU__crt_stdio_stream_data@@XZ 10021626 f i libucrt:_file.obj
 0001:0002062c       ?release@?$__crt_unique_heap_ptr@PAU__crt_stdio_stream_data@@U__crt_internal_free_policy@@@@QAEXXZ 1002162c f i libucrt:_file.obj
 0001:0002063e       ___acrt_initialize_stdio   1002163e f   libucrt:_file.obj
 0001:00020706       ___acrt_iob_func           10021706 f   libucrt:_file.obj
 0001:00020716       ___acrt_uninitialize_stdio 10021716 f   libucrt:_file.obj
 0001:00020762       __get_stream_buffer_pointers 10021762 f   libucrt:_file.obj
 0001:000207a8       __lock_file                100217a8 f   libucrt:_file.obj
 0001:000207bc       __unlock_file              100217bc f   libucrt:_file.obj
 0001:000209e0       ??$open_file@ABQBDABQBDABHPAU_iobuf@@@?$__crt_char_traits@D@@SAPAU_iobuf@@ABQBD0ABH$$QAPAU1@@Z 100219e0 f i libucrt:fopen.obj
[...]
 0002:0001133c       $N00096                    1006b33c     DttSP.exp
 0002:0001134b       $N00097                    1006b34b     DttSP.exp
 0002:00011359       $N00098                    1006b359     DttSP.exp
 0002:00011366       $N00099                    1006b366     DttSP.exp
 0002:0001137c       $N00100                    1006b37c     DttSP.exp
 0002:0001138a       $N00101                    1006b38a     DttSP.exp
 0002:00011396       $N00102                    1006b396     DttSP.exp
 0002:000113a3       $N00103                    1006b3a3     DttSP.exp
 0002:000113b4       $N00104                    1006b3b4     DttSP.exp
 0002:000113c5       $N00105                    1006b3c5     DttSP.exp
 0002:000113d1       $N00106                    1006b3d1     DttSP.exp
 0002:000113e4       $N00107                    1006b3e4     DttSP.exp
 0002:000113fb       $N00108                    1006b3fb     DttSP.exp
 0002:00011410       $N00109                    1006b410     DttSP.exp
 0002:00011419       $N00110                    1006b419     DttSP.exp
 0002:00011429       $N00111                    1006b429     DttSP.exp
 0002:00011432       $N00112                    1006b432     DttSP.exp
 0002:00011446       $N00113                    1006b446     DttSP.exp
 0002:00011454       $N00114                    1006b454     DttSP.exp
 0002:0001145d       $N00115                    1006b45d     DttSP.exp
 0002:0001146a       $N00116                    1006b46a     DttSP.exp
 0002:00011478       $N00117                    1006b478     DttSP.exp
 0002:0001148d       $N00118                    1006b48d     DttSP.exp
 0002:0001149d       $N00119                    1006b49d     DttSP.exp
 0002:000114ab       $N00120                    1006b4ab     DttSP.exp
 0002:000114b6       $N00121                    1006b4b6     DttSP.exp
 0002:000114c2       $N00122                    1006b4c2     DttSP.exp
 0002:000114d4       $N00123                    1006b4d4     DttSP.exp
 0002:000114db       $N00124                    1006b4db     DttSP.exp
 0002:000114ef       $N00125                    1006b4ef     DttSP.exp
 0002:000114fa       $N00126                    1006b4fa     DttSP.exp
 0002:00011510       $N00127                    1006b510     DttSP.exp
 0002:0001151f       $N00128                    1006b51f     DttSP.exp
 0002:0001152b       $N00129                    1006b52b     DttSP.exp
 0002:00011539       $N00130                    1006b539     DttSP.exp
 0002:00011546       $N00131                    1006b546     DttSP.exp
 0002:0001155a       $N00132                    1006b55a     DttSP.exp
 0002:00011567       $N00133                    1006b567     DttSP.exp
 0002:00011576       $N00134                    1006b576     DttSP.exp
 0002:00011583       $N00135                    1006b583     DttSP.exp
 0002:00011594       $N00136                    1006b594     DttSP.exp
 0002:000115a0       $N00137                    1006b5a0     DttSP.exp
 0002:000115b3       $N00138                    1006b5b3     DttSP.exp
 0002:000115c5       $N00139                    1006b5c5     DttSP.exp
 0002:000115d6       $N00140                    1006b5d6     DttSP.exp
 0002:000115e5       $N00141                    1006b5e5     DttSP.exp
 0002:000115f5       $N00142                    1006b5f5     DttSP.exp
 0002:000115fe       $N00143                    1006b5fe     DttSP.exp
 0002:0001160e       $N00144                    1006b60e     DttSP.exp
 0002:0001161d       $N00145                    1006b61d     DttSP.exp
 0002:0001162d       $N00146                    1006b62d     DttSP.exp
 0002:0001163a       $N00147                    1006b63a     DttSP.exp
 0002:00011646       $N00148                    1006b646     DttSP.exp
 0002:0001165e       $N00149                    1006b65e     DttSP.exp
 0002:0001166a       $N00150                    1006b66a     DttSP.exp
 0002:00011674       $N00151                    1006b674     DttSP.exp
 0002:0001167e       $N00152                    1006b67e     DttSP.exp
 0002:00011689       $N00153                    1006b689     DttSP.exp
 0002:00011693       $N00154                    1006b693     DttSP.exp
 0002:000116a4       $N00155                    1006b6a4     DttSP.exp
 0002:000116b7       $N00156                    1006b6b7     DttSP.exp
 0002:000116c7       $N00157                    1006b6c7     DttSP.exp
 0002:000116d8       $N00158                    1006b6d8     DttSP.exp
 0002:000116ef       $N00159                    1006b6ef     DttSP.exp
 0002:00011948       .idata$6                   1006b948     winMM:WINMM.dll
 0002:000119ae       .idata$6                   1006b9ae     libfftw3f-3:libfftw3f-3.dll
 0002:000119f0       .idata$6                   1006b9f0     pthreadVC:pthreadVC.dll
 0002:00011ba4       .idata$6                   1006bba4     kernel32:KERNEL32.dll
 0003:00000024       _EQ_Num_48000              1006d024     graphiceq.obj
 0003:00000030       _EQ_Den_48000              1006d030     graphiceq.obj
 0003:00000038       _EQ_Num_96000              1006d038     graphiceq.obj
 0003:00000044       _EQ_Den_96000              1006d044     graphiceq.obj
 0003:0000004c       _EQ_Num_192000             1006d04c     graphiceq.obj
 0003:00000058       _EQ_Den_192000             1006d058     graphiceq.obj
 0003:00000060       _pole                      1006d060     hilbert.obj
 0003:00000090       __ISOband_info             1006d090     isoband.obj
 0003:00000350       _wpm                       1006d350     keyd.obj
 0003:00000354       _freq                      1006d354     keyd.obj
 0003:00000358       _ramp                      1006d358     keyd.obj
 0003:0000035c       _mid_element               1006d35c     keyd.obj
 0003:00000360       __white                    1006d360     splitfields.obj
 0003:00000368       _fast_atan_table           1006d368     fastrig1.obj
 0003:00000790       ?__vcrt_flsindex@@3KA      1006d790     libvcruntime:per_thread_data.obj
 0003:000007b0       _tzstd_program             1006d7b0     libucrt:timeset.obj
 0003:000007f0       _tzdst_program             1006d7f0     libucrt:timeset.obj
 0003:00000830       _tzname_states             1006d830     libucrt:timeset.obj
 0003:00000838       _dststart                  1006d838     libucrt:tzset.obj
 0003:00000844       _dstend                    1006d844     libucrt:tzset.obj
 0003:00000900       ?global_msvcrt_heap_handle_cache@?1??__acrt_get_msvcrt_heap_handle@@9@4PAXA 1006d900     libucrt:free_base.obj
 0003:00000910       _errno_no_memory           1006d910     libucrt:errno.obj
 0003:00000914       _doserrno_no_memory        1006d914     libucrt:errno.obj
 0003:00000948       ___acrt_flsindex           1006d948     libucrt:per_thread_data.obj
 0003:0000094c       __ctype_loc_style          1006d94c     libucrt:wsetlocale.obj
 0003:00000b20       ___rgctypeflag             1006db20     libucrt:mbctype.obj
 0003:00000b28       ___rgcode_page_info        1006db28     libucrt:mbctype.obj
 0003:000010b4       ?__DAZ_ENABLED@?1??__set_fpsr_sse2@@9@9 1006e0b4     libucrt:fpctrl.obj
 0003:000011a0       ?buff@?1??fmt_tv@@9@9      1006e1a0     banal.obj
 0003:000012a0       __safemem_currcount        1006e2a0     bufvec.obj
 0003:000012ac       _EQ_Num                    1006e2ac     graphiceq.obj
 0003:000012b8       _EQ_Den                    1006e2b8     graphiceq.obj
 0003:000012cc       _CS_CW                     1006e2cc     keyd.obj
 0003:000012e4       _UPDATE_OK                 1006e2e4     keyd.obj
 0003:000012fc       _cs_cw                     1006e2fc     keyd.obj
 0003:00001300       _update_ok                 1006e300     keyd.obj
 0003:00001304       _playing                   1006e304     keyd.obj
 0003:00001305       _iambic                    1006e305     keyd.obj
 0003:00001306       _bug                       1006e306     keyd.obj
 0003:00001307       _cw_ring_reset             1006e307     keyd.obj
 0003:00001308       _gain                      1006e308     keyd.obj
 0003:0000130c       _auto_space_char           1006e30c     keyd.obj
 0003:00001310       ?keyerState@?1??klogic@@9@9 1006e310     keyer.obj
 0003:00001314       ?last_element@?1??klogic@@9@9 1006e314     keyer.obj
 0003:00001318       ?ditmem@?1??klogic@@9@9    1006e318     keyer.obj
 0003:00001319       ?dahmem@?1??klogic@@9@9    1006e319     keyer.obj
 0003:0000131a       ?squeezeStartedAfterCurrentElementStartedPlaying@?1??klogic@@9@9 1006e31a     keyer.obj
 0003:0000131b       ?squeezeStartedBeforeCurrentElementStartedPlaying@?1??klogic@@9@9 1006e31b     keyer.obj
 0003:0000131c       ?squeezeReleasedBeforeMidpointAndModeBStrict@?1??klogic@@9@9 1006e31c     keyer.obj
 0003:0000131d       ?afterflagdebug@?1??klogic@@9@9 1006e31d     keyer.obj
 0003:00001320       ?keystate@?1??read_straight_key@@9@9 1006e320     keyerio.obj
 0003:00001324       ?debounce_buf_i@?1??read_straight_key@@9@9 1006e324     keyerio.obj
 0003:00001328       ?debounce_buf@?1??read_straight_key@@9@9 1006e328     keyerio.obj
 0003:000013a0       ?dah_debounce_buf@?1??read_iambic_key@@9@9 1006e3a0     keyerio.obj
 0003:000013c0       ?dit_debounce_buf@?1??read_iambic_key@@9@9 1006e3c0     keyerio.obj
 0003:000013e0       ?dah@?1??read_iambic_key@@9@9 1006e3e0     keyerio.obj
 0003:000013e4       ?debounce_buf_i@?1??read_iambic_key@@9@9 1006e3e4     keyerio.obj
 0003:000013e8       ?dit@?1??read_iambic_key@@9@9 1006e3e8     keyerio.obj
 0003:000013ec       _mic_avg                   1006e3ec     sdr.obj
 0003:000013f0       _mic_pk                    1006e3f0     sdr.obj
 0003:000013f4       _alc_avg                   1006e3f4     sdr.obj
 0003:000013f8       _alc_pk                    1006e3f8     sdr.obj
 0003:000013fc       _lev_avg                   1006e3fc     sdr.obj
 0003:00001400       _lev_pk                    1006e400     sdr.obj
 0003:00001404       _eq_avg                    1006e404     sdr.obj
 0003:00001408       _eq_pk                     1006e408     sdr.obj
 0003:0000140c       _comp_avg                  1006e40c     sdr.obj
 0003:00001410       _comp_pk                   1006e410     sdr.obj
 0003:00001414       _cpdr_avg                  1006e414     sdr.obj
 0003:00001418       _cpdr_pk                   1006e418     sdr.obj
 0003:0000141c       _TABLE_FACTOR              1006e41c     fastrig1.obj
 0003:00001420       _sinT                      1006e420     fastrig1.obj
 0003:00001424       _cosT                      1006e424     fastrig1.obj
 0003:00001428       ?__proc_attached@@3HA      1006e428     LIBCMT:dll_dllmain.obj
 0003:00001430       _GS_ExceptionRecord        1006e430     LIBCMT:gs_report.obj
 0003:00001480       _GS_ContextRecord          1006e480     LIBCMT:gs_report.obj
 0003:0000175c       ?module_local_atexit_table@@3U_onexit_table_t@@A 1006e75c     LIBCMT:utility.obj
 0003:00001768       ?module_local_at_quick_exit_table@@3U_onexit_table_t@@A 1006e768     LIBCMT:utility.obj
 0003:00001774       ?is_initialized_as_dll@@3_NA 1006e774     LIBCMT:utility.obj
 0003:00001794       ?__vcrt_startup_thread_ptd@@3U__vcrt_ptd@@A 1006e794     libvcruntime:per_thread_data.obj
 0003:000017bc       ___vcrt_lock_table         1006e7bc     libvcruntime:locks.obj
 0003:000017d4       ___vcrt_locks_initialized  1006e7d4     libvcruntime:locks.obj
 0003:000017d8       ?module_handles@@3PAPAUHINSTANCE__@@A 1006e7d8     libvcruntime:winapi_downlevel.obj
 0003:000017e8       ?encoded_function_pointers@@3PAPAXA 1006e7e8     libvcruntime:winapi_downlevel.obj
 0003:00001838       ?heap@@3V_HeapManager@@A   1006e838     libvcruntime:undname.obj
 0003:0000188c       __tzname                   1006e88c     libucrt:timeset.obj
 0003:00001890       _last_tz                   1006e890     libucrt:tzset.obj
 0003:00001898       _tz_api_used               1006e898     libucrt:tzset.obj
 0003:000018a0       _tz_info                   1006e8a0     libucrt:tzset.obj
 0003:0000194c       ?first_time@?1??__tzset@@9@4JA 1006e94c     libucrt:tzset.obj
 0003:00001950       _c_termination_complete    1006e950     libucrt:exit.obj
 0003:00001954       _thread_local_exit_callback_func 1006e954     libucrt:exit.obj
 0003:00001958       ?c_exit_complete@?5??common_exit@@YAXHW4_crt_exit_cleanup_mode@@W4_crt_exit_return_mode@@@Z@4_NA 1006e958     libucrt:exit.obj
 0003:00001968       ?program_name@?5???$common_configure_argv@D@@YAHW4_crt_argv_mode@@@Z@4PADA 1006e968     libucrt:argv_parsing.obj
 0003:00001a70       ?program_name@?5???$common_configure_argv@_W@@YAHW4_crt_argv_mode@@@Z@4PA_WA 1006ea70     libucrt:argv_parsing.obj
 0003:00001ca8       ___acrt_invalid_parameter_handler 1006eca8     libucrt:invalid_parameter.obj
 0003:00001cb0       _module_handles            1006ecb0     libucrt:winapi_thunks.obj
 0003:00001d00       _encoded_function_pointers 1006ed00     libucrt:winapi_thunks.obj
 0003:00001d80       ?static_enum_proc@?1??enum_system_locales_ex_nolock@@YAHQ6GHPA_WKJ@Z@Z@4P6GH0KJ@ZA 1006ed80     libucrt:winapi_thunks.obj
 0003:00001d84       ?state_cache@?1??__acrt_is_packaged_app@@9@4JA 1006ed84     libucrt:winapi_thunks.obj
 0003:00001f90       ___acrt_lock_table         1006ef90     libucrt:locks.obj
 0003:000020c8       ___acrt_locks_initialized  1006f0c8     libucrt:locks.obj
 0003:000020cc       _enable_percent_n          1006f0cc     libucrt:printf_count_output.obj
 0003:000020e0       __pmatherr_set             1006f0e0     libucrt:libm_error.obj
 0003:000020fc       _fSystemSet                1006f0fc     libucrt:mbctype.obj
 0003:00002100       ?initialized@?1??__acrt_initialize_multibyte@@9@4_NA 1006f100     libucrt:mbctype.obj
 0003:00002124       ___acrt_new_handler        1006f124     libucrt:new_handler.obj
 0003:00002128       _console_ctrl_handler_installed 1006f128     libucrt:signal.obj
 0003:0000212c       _ctrlc_action              1006f12c     libucrt:signal.obj
 0003:00002130       _ctrlbreak_action          1006f130     libucrt:signal.obj
 0003:00002134       _abort_action              1006f134     libucrt:signal.obj
 0003:00002138       _term_action               1006f138     libucrt:signal.obj
 0003:0000213c       _user_matherr              1006f13c     libucrt:matherr.obj
 0003:00002140       ___acrt_global_new_mode    1006f140     libucrt:new_mode.obj
 0003:00002144       ___acrt_app_type           1006f144     libucrt:report_runtime_error.obj
 0003:00002148       ?outmsg@?9??__acrt_report_runtime_error@@9@4PA_WA 1006f148     libucrt:report_runtime_error.obj
 0003:0000277c       ___acrt_error_mode         1006f77c     libucrt:set_error_mode.obj
 0004:00000000       __guard_fids____dcrt_uninitialize_environments_nolock 100ad000     libucrt:environment_initialization.obj
 0004:00000008       __guard_fids__             100ad008     libucrt:initialization.obj
 0004:00000068       __guard_fids__set_terminate 100ad068     libucrt:terminate.obj
 0004:0000006c       __guard_fids___get_terminate 100ad06c     libucrt:terminate.obj
 0004:00000070       __guard_fids_?get_terminate_or_default@@YAP6AXXZQBU__acrt_ptd@@@Z 100ad070     libucrt:terminate.obj
 0004:00000074       __guard_fids_?enum_system_locales_ex_nolock@@YAHQ6GHPA_WKJ@Z@Z 100ad074     libucrt:winapi_thunks.obj
 0004:00000078       __guard_fids_??B<lambda_5a01b672d24c8480ee9d6bdb50dd3881>@@QBEP6GHPA_W@ZXZ 100ad078     libucrt:winapi_thunks.obj
 0004:0000007c       __guard_fids_??R<lambda_a463b7b0560cfcaf9b17f27c6ef46564>@@QBEHXZ 100ad07c     libucrt:winapi_thunks.obj
 0004:00000080       __guard_fids_??$?RV<lambda_9227be29367c048ad7fd93a717dcb1a1>@@AAV<lambda_a463b7b0560cfcaf9b17f27c6ef46564>@@V<lambda_ccea11b5727ccf69be64f5f5d9a08d9f>@@@?$__crt_seh_guarded_call@H@@QAEH$$QAV<lambda_9227be29367c048ad7fd93a717dcb1a1>@@AAV<lambda_a463b7b0560cfcaf9b17f27c6ef46564>@@$$QAV<lambda_ccea11b5727ccf69be64f5f5d9a08d9f>@@@Z 100ad080     libucrt:winapi_thunks.obj
 0004:00000084       __guard_fids__             100ad084     libucrt:timeset_initializer.obj
 0004:00000088       __guard_fids__             100ad088     libucrt:stdio_initializer.obj
 0004:0000008c       __guard_fids__             100ad08c     libucrt:stdio_initializer.obj
 0004:00000090       __guard_fids____acrt_initialize_ptd 100ad090     libucrt:per_thread_data.obj
 0004:00000094       __guard_fids__             100ad094     libucrt:wsetlocale.obj
 0004:000000ac       __guard_fids____libm_error_support 100ad0ac     libucrt:libm_error.obj
 0004:000000b0       __guard_fids_??$expand_argument_wildcards@D@@YAHQAD0AAV?$argument_list@D@?A0xb0e4b824@@@Z 100ad0b0     libucrt:argv_wildcards.obj
 0004:000000b4       __guard_fids_??$expand_argument_wildcards@_W@@YAHQA_W0AAV?$argument_list@_W@?A0xb0e4b824@@@Z 100ad0b4     libucrt:argv_wildcards.obj
 0004:000000b8       __guard_fids_??B<lambda_62bb7ecb46d0a77b591a051c43eb5ad1>@@QBEP6AHPBX0@ZXZ 100ad0b8     libucrt:argv_wildcards.obj
 0004:000000bc       __guard_fids_??B<lambda_a75c72a202f46efc7a9b191949c2fc0f>@@QBEP6AHPBX0@ZXZ 100ad0bc     libucrt:argv_wildcards.obj
 0004:000000c0       __guard_fids__signal       100ad0c0     libucrt:signal.obj
 0004:000000c4       __guard_fids__             100ad0c4     libucrt:sse2_initializer.obj
 0004:000000c8       __guard_fids__             100ad0c8     libucrt:locale_initializer.obj
 0004:000000cc       __guard_fids__GetLocaleNameFromLangCountry 100ad0cc     libucrt:get_qualified_locale.obj
 0004:000000d0       __guard_fids__GetLocaleNameFromLanguage 100ad0d0     libucrt:get_qualified_locale.obj
 0004:000000d4       __guard_fids__GetLcidFromLangCountry 100ad0d4     libucrt:getqloc_downlevel.obj
 0004:000000d8       __guard_fids__GetLcidFromLanguage 100ad0d8     libucrt:getqloc_downlevel.obj
 0004:000000dc       __guard_fids__GetLcidFromCountry 100ad0dc     libucrt:getqloc_downlevel.obj
 0004:000000e0       __guard_fids__             100ad0e0     libucrt:multibyte_initializer.obj
 0004:000000e4       __guard_fids_??$common_show_message_box@D@@YAHQBD0I@Z 100ad0e4     libucrt:crtmbox.obj
 0004:000000e8       __guard_fids_??$common_show_message_box@_W@@YAHQB_W0I@Z 100ad0e8     libucrt:crtmbox.obj
 0004:000000ec       __guard_fids__             100ad0ec     libucrt:console_output_initializer.obj
 0004:000000f0       __guard_fids_?dllmain_crt_process_attach@@YAHQAUHINSTANCE__@@QAX@Z 100ad0f0     LIBCMT:dll_dllmain.obj
 0004:000000f8       __guard_fids_?dllmain_dispatch@@YAHQAUHINSTANCE__@@KQAX@Z 100ad0f8     LIBCMT:dll_dllmain.obj
 0004:000000fc       __guard_fids____scrt_set_unhandled_exception_filter 100ad0fc     LIBCMT:utility_desktop.obj
 0004:00000100       __guard_fids__             100ad100     LIBCMT:guard_support.obj
 0004:00000104       __guard_fids___guard_icall_checks_enforced 100ad104     LIBCMT:guard_support.obj
 0004:00000108       __guard_fids____std_type_info_name 100ad108     libvcruntime:std_type_info.obj
 0004:00000110       __guard_fids_??B<lambda_e0128dce7362637f77e3b418282c6919>@@QBEP6APAXI@ZXZ 100ad110     libvcruntime:std_type_info.obj
 0004:00000114       __guard_fids_??B<lambda_c4560dd375471d1680776ed19953e709>@@QBEP6AXQAX@ZXZ 100ad114     libvcruntime:std_type_info.obj
 0004:00000118       __guard_fids____vcrt_initialize_ptd 100ad118     libvcruntime:per_thread_data.obj
 0004:0000011c       __guard_fids__             100ad11c     libvcruntime:undname.obj
 0004:00000128       __guard_fids__             100ad128     libvcruntime:undname.obj
 0004:00000134       __guard_fids__             100ad134     libvcruntime:undname.obj
 0004:00000140       __guard_fids__             100ad140     libvcruntime:undname.obj
 0004:0000014c       __guard_fids__             100ad14c     libvcruntime:undname.obj
 0004:00000158       __guard_fids__             100ad158     libvcruntime:undname.obj
 0004:00000164       __guard_fids__             100ad164     LIBCMT:std_type_info_static.obj
 0005:000000a0       $R000000                   100ae0a0     DttSP.res
 0005:000003b8       $R000318                   100ae3b8     DttSP.res
